[    0.000000] Initializing cgroup subsys cpuset
[    0.000000] Initializing cgroup subsys cpu
[    0.000000] Initializing cgroup subsys cpuacct
[    0.000000] Linux version 4.4.0-210-generic (buildd@lgw01-amd64-009) (gcc version 5.4.0 20160609 (Ubuntu 5.4.0-6ubuntu1~16.04.12) ) #242-Ubuntu SMP Fri Apr 16 09:57:56 UTC 2021 (Ubuntu 4.4.0-210.242-generic 4.4.262)
[    0.000000] Command line: BOOT_IMAGE=/boot/vmlinuz-4.4.0-210-generic root=LABEL=cloudimg-rootfs ro console=tty1 console=ttyS0
[    0.000000] KERNEL supported cpus:
[    0.000000]   Intel GenuineIntel
[    0.000000]   AMD AuthenticAMD
[    0.000000]   Centaur CentaurHauls
[    0.000000] x86/fpu: Legacy x87 FPU detected.
[    0.000000] e820: BIOS-provided physical RAM map:
[    0.000000] BIOS-e820: [mem 0x0000000000000000-0x000000000009fbff] usable
[    0.000000] BIOS-e820: [mem 0x000000000009fc00-0x000000000009ffff] reserved
[    0.000000] BIOS-e820: [mem 0x00000000000f0000-0x00000000000fffff] reserved
[    0.000000] BIOS-e820: [mem 0x0000000000100000-0x000000003ffeffff] usable
[    0.000000] BIOS-e820: [mem 0x000000003fff0000-0x000000003fffffff] ACPI data
[    0.000000] BIOS-e820: [mem 0x00000000fec00000-0x00000000fec00fff] reserved
[    0.000000] BIOS-e820: [mem 0x00000000fee00000-0x00000000fee00fff] reserved
[    0.000000] BIOS-e820: [mem 0x00000000fffc0000-0x00000000ffffffff] reserved
[    0.000000] NX (Execute Disable) protection: active
[    0.000000] SMBIOS 2.5 present.
[    0.000000] Hypervisor detected: KVM
[    0.000000] Kernel/User page tables isolation: disabled
[    0.000000] e820: last_pfn = 0x3fff0 max_arch_pfn = 0x400000000
[    0.000000] MTRR: Disabled
[    0.000000] x86/PAT: MTRRs disabled, skipping PAT initialization too.
[    0.000000] CPU MTRRs all blank - virtualized system.
[    0.000000] x86/PAT: Configuration [0-7]: WB  WT  UC- UC  WB  WT  UC- UC  
[    0.000000] found SMP MP-table at [mem 0x0009fff0-0x0009ffff] mapped at [ffff88000009fff0]
[    0.000000] Scanning 1 areas for low memory corruption
[    0.000000] RAMDISK: [mem 0x362dc000-0x37165fff]
[    0.000000] ACPI: Early table checksum verification disabled
[    0.000000] ACPI: RSDP 0x00000000000E0000 000024 (v02 VBOX  )
[    0.000000] ACPI: XSDT 0x000000003FFF0030 00003C (v01 VBOX   VBOXXSDT 00000001 ASL  00000061)
[    0.000000] ACPI: FACP 0x000000003FFF00F0 0000F4 (v04 VBOX   VBOXFACP 00000001 ASL  00000061)
[    0.000000] ACPI: DSDT 0x000000003FFF0610 002353 (v02 VBOX   VBOXBIOS 00000002 INTL 20100528)
[    0.000000] ACPI: FACS 0x000000003FFF0200 000040
[    0.000000] ACPI: FACS 0x000000003FFF0200 000040
[    0.000000] ACPI: APIC 0x000000003FFF0240 00005C (v02 VBOX   VBOXAPIC 00000001 ASL  00000061)
[    0.000000] ACPI: SSDT 0x000000003FFF02A0 00036C (v01 VBOX   VBOXCPUT 00000002 INTL 20100528)
[    0.000000] No NUMA configuration found
[    0.000000] Faking a node at [mem 0x0000000000000000-0x000000003ffeffff]
[    0.000000] NODE_DATA(0) allocated [mem 0x3ffeb000-0x3ffeffff]
[    0.000000] kvm-clock: Using msrs 4b564d01 and 4b564d00
[    0.000000] kvm-clock: cpu 0, msr 0:3ffe3001, primary cpu clock
[    0.000000] kvm-clock: using sched offset of 3562899959 cycles
[    0.000000] clocksource: kvm-clock: mask: 0xffffffffffffffff max_cycles: 0x1cd42e4dffb, max_idle_ns: 881590591483 ns
[    0.000000] Zone ranges:
[    0.000000]   DMA      [mem 0x0000000000001000-0x0000000000ffffff]
[    0.000000]   DMA32    [mem 0x0000000001000000-0x000000003ffeffff]
[    0.000000]   Normal   empty
[    0.000000]   Device   empty
[    0.000000] Movable zone start for each node
[    0.000000] Early memory node ranges
[    0.000000]   node   0: [mem 0x0000000000001000-0x000000000009efff]
[    0.000000]   node   0: [mem 0x0000000000100000-0x000000003ffeffff]
[    0.000000] Initmem setup node 0 [mem 0x0000000000001000-0x000000003ffeffff]
[    0.000000] ACPI: PM-Timer IO Port: 0x4008
[    0.000000] IOAPIC[0]: apic_id 2, version 32, address 0xfec00000, GSI 0-23
[    0.000000] ACPI: INT_SRC_OVR (bus 0 bus_irq 0 global_irq 2 dfl dfl)
[    0.000000] ACPI: INT_SRC_OVR (bus 0 bus_irq 9 global_irq 9 low level)
[    0.000000] Using ACPI (MADT) for SMP configuration information
[    0.000000] smpboot: Allowing 2 CPUs, 0 hotplug CPUs
[    0.000000] PM: Registered nosave memory: [mem 0x00000000-0x00000fff]
[    0.000000] PM: Registered nosave memory: [mem 0x0009f000-0x0009ffff]
[    0.000000] PM: Registered nosave memory: [mem 0x000a0000-0x000effff]
[    0.000000] PM: Registered nosave memory: [mem 0x000f0000-0x000fffff]
[    0.000000] e820: [mem 0x40000000-0xfebfffff] available for PCI devices
[    0.000000] Booting paravirtualized kernel on KVM
[    0.000000] clocksource: refined-jiffies: mask: 0xffffffff max_cycles: 0xffffffff, max_idle_ns: 7645519600211568 ns
[    0.000000] setup_percpu: NR_CPUS:512 nr_cpumask_bits:512 nr_cpu_ids:2 nr_node_ids:1
[    0.000000] PERCPU: Embedded 33 pages/cpu @ffff88003fc00000 s95192 r8192 d31784 u1048576
[    0.000000] Built 1 zonelists in Node order, mobility grouping on.  Total pages: 257912
[    0.000000] Policy zone: DMA32
[    0.000000] Kernel command line: BOOT_IMAGE=/boot/vmlinuz-4.4.0-210-generic root=LABEL=cloudimg-rootfs ro console=tty1 console=ttyS0
[    0.000000] PID hash table entries: 4096 (order: 3, 32768 bytes)
[    0.000000] Memory: 997792K/1048120K available (8644K kernel code, 1332K rwdata, 4044K rodata, 1492K init, 1164K bss, 50328K reserved, 0K cma-reserved)
[    0.000000] SLUB: HWalign=64, Order=0-3, MinObjects=0, CPUs=2, Nodes=1
[    0.000000] Hierarchical RCU implementation.
[    0.000000] 	Build-time adjustment of leaf fanout to 64.
[    0.000000] 	RCU restricting CPUs from NR_CPUS=512 to nr_cpu_ids=2.
[    0.000000] RCU: Adjusting geometry for rcu_fanout_leaf=64, nr_cpu_ids=2
[    0.000000] NR_IRQS:33024 nr_irqs:440 16
[    0.000000] Console: colour VGA+ 80x25
[    0.000000] console [tty1] enabled
[    0.000000] console [ttyS0] enabled
[    0.000000] tsc: Detected 2304.006 MHz processor
[    0.444530] Calibrating delay loop (skipped) preset value.. 4608.01 BogoMIPS (lpj=9216024)
[    0.450531] pid_max: default: 32768 minimum: 301
[    0.453806] ACPI: Core revision 20150930
[    0.457939] ACPI: 2 ACPI AML tables successfully acquired and loaded
[    0.463333] Security Framework initialized
[    0.466448] Yama: becoming mindful.
[    0.469263] AppArmor: AppArmor initialized
[    0.472485] Dentry cache hash table entries: 131072 (order: 8, 1048576 bytes)
[    0.481574] Inode-cache hash table entries: 65536 (order: 7, 524288 bytes)
[    0.488608] Mount-cache hash table entries: 2048 (order: 2, 16384 bytes)
[    0.493391] Mountpoint-cache hash table entries: 2048 (order: 2, 16384 bytes)
[    0.499593] Initializing cgroup subsys io
[    0.502568] Initializing cgroup subsys memory
[    0.506786] Initializing cgroup subsys devices
[    0.511576] Initializing cgroup subsys freezer
[    0.514875] Initializing cgroup subsys net_cls
[    0.518109] Initializing cgroup subsys perf_event
[    0.522532] Initializing cgroup subsys net_prio
[    0.527412] Initializing cgroup subsys hugetlb
[    0.530747] Initializing cgroup subsys pids
[    0.545034] mce: CPU supports 0 MCE banks
[    0.550239] Last level iTLB entries: 4KB 64, 2MB 8, 4MB 8
[    0.554372] Last level dTLB entries: 4KB 64, 2MB 0, 4MB 0, 1GB 4
[    0.558968] Spectre V1 : Mitigation: usercopy/swapgs barriers and __user pointer sanitization
[    0.565768] Spectre V2 : Mitigation: Enhanced IBRS
[    0.569267] Spectre V2 : Spectre v2 / SpectreRSB mitigation: Filling RSB on context switch
[    0.575093] Speculative Store Bypass: Vulnerable
[    0.578967] SRBDS: Mitigation: TSX disabled
[    0.611435] Freeing SMP alternatives memory: 36K
[    0.678174] ftrace: allocating 32380 entries in 127 pages
[    1.113885] smpboot: APIC(0) Converting physical 0 to logical package 0
[    1.122032] smpboot: Max logical packages: 1
[    1.136656] ..TIMER: vector=0x30 apic1=0 pin1=2 apic2=-1 pin2=-1
[    1.250003] APIC calibration not consistent with PM-Timer: 101ms instead of 100ms
[    1.255893] APIC delta adjusted to PM-Timer: 6357848 (6425733)
[    1.260714] smpboot: CPU0: Intel(R) Core(TM) i7-10510U CPU @ 1.80GHz (family: 0x6, model: 0x8e, stepping: 0xc)
[    1.269051] Performance Events: unsupported p6 CPU model 142 no PMU driver, software events only.
[    1.341069] KVM setup paravirtual spinlock
[    1.346697] x86: Booting SMP configuration:
[    1.350321] .... node  #0, CPUs:      #1
[    1.354238] kvm-clock: cpu 1, msr 0:3ffe3041, secondary cpu clock
[    1.368445] mce: CPU supports 0 MCE banks
[    1.372531] TSC synchronization [CPU#0 -> CPU#1]:
[    1.376185] Measured 36805 cycles TSC warp between CPUs, turning off TSC clock.
[    1.381098] tsc: Marking TSC unstable due to check_tsc_sync_source failed
[    0.474027] x86: Booted up 1 node, 2 CPUs
[    0.476002] smpboot: Total of 2 processors activated (9216.02 BogoMIPS)
[    0.484062] devtmpfs: initialized
[    0.488383] evm: security.selinux
[    0.492003] evm: security.SMACK64
[    0.494320] evm: security.SMACK64EXEC
[    0.496001] evm: security.SMACK64TRANSMUTE
[    0.498817] evm: security.SMACK64MMAP
[    0.500002] evm: security.ima
[    0.502127] evm: security.capability
[    0.504246] clocksource: jiffies: mask: 0xffffffff max_cycles: 0xffffffff, max_idle_ns: 7645041785100000 ns
[    0.508009] futex hash table entries: 512 (order: 3, 32768 bytes)
[    0.512115] pinctrl core: initialized pinctrl subsystem
[    0.516167] RTC time: 14:27:15, date: 03/13/23
[    0.520287] NET: Registered protocol family 16
[    0.532014] cpuidle: using governor ladder
[    0.548005] cpuidle: using governor menu
[    0.551057] PCCT header not found.
[    0.552238] ACPI: bus type PCI registered
[    0.555335] acpiphp: ACPI Hot Plug PCI Controller Driver version: 0.5
[    0.556391] PCI: Using configuration type 1 for base access
[    0.584459] ACPI: Added _OSI(Module Device)
[    0.588003] ACPI: Added _OSI(Processor Device)
[    0.592002] ACPI: Added _OSI(3.0 _SCP Extensions)
[    0.596002] ACPI: Added _OSI(Processor Aggregator Device)
[    0.600822] ACPI: Executed 1 blocks of module-level executable AML code
[    0.607081] ACPI: Interpreter enabled
[    0.608008] ACPI: (supports S0 S5)
[    0.610386] ACPI: Using IOAPIC for interrupt routing
[    0.612249] PCI: Using host bridge windows from ACPI; if necessary, use "pci=nocrs" and report a bug
[    0.624733] ACPI: PCI Root Bridge [PCI0] (domain 0000 [bus 00-ff])
[    0.628005] acpi PNP0A03:00: _OSC: OS supports [ASPM ClockPM Segments MSI]
[    0.632462] acpi PNP0A03:00: _OSC: not requesting OS control; OS requires [ExtendedConfig ASPM ClockPM MSI]
[    0.636007] acpi PNP0A03:00: fail to add MMCONFIG information, can't access extended PCI configuration space under this bridge.
[    0.640526] PCI host bridge to bus 0000:00
[    0.644003] pci_bus 0000:00: root bus resource [io  0x0000-0x0cf7 window]
[    0.648002] pci_bus 0000:00: root bus resource [io  0x0d00-0xffff window]
[    0.652002] pci_bus 0000:00: root bus resource [mem 0x000a0000-0x000bffff window]
[    0.656002] pci_bus 0000:00: root bus resource [mem 0x40000000-0xfdffffff window]
[    0.660002] pci_bus 0000:00: root bus resource [bus 00-ff]
[    0.670231] pci 0000:00:01.1: legacy IDE quirk: reg 0x10: [io  0x01f0-0x01f7]
[    0.672002] pci 0000:00:01.1: legacy IDE quirk: reg 0x14: [io  0x03f6]
[    0.676002] pci 0000:00:01.1: legacy IDE quirk: reg 0x18: [io  0x0170-0x0177]
[    0.680002] pci 0000:00:01.1: legacy IDE quirk: reg 0x1c: [io  0x0376]
[    0.702899] pci 0000:00:07.0: quirk: [io  0x4000-0x403f] claimed by PIIX4 ACPI
[    0.704036] pci 0000:00:07.0: quirk: [io  0x4100-0x410f] claimed by PIIX4 SMB
[    0.714923] ACPI: PCI Interrupt Link [LNKA] (IRQs 5 9 10 *11)
[    0.720777] ACPI: PCI Interrupt Link [LNKB] (IRQs 5 9 *10 11)
[    0.728658] ACPI: PCI Interrupt Link [LNKC] (IRQs 5 *9 10 11)
[    0.734600] ACPI: PCI Interrupt Link [LNKD] (IRQs 5 9 10 *11)
[    0.740898] ACPI: Enabled 2 GPEs in block 00 to 07
[    0.744194] vgaarb: setting as boot device: PCI:0000:00:02.0
[    0.747906] vgaarb: device added: PCI:0000:00:02.0,decodes=io+mem,owns=io+mem,locks=none
[    0.748003] vgaarb: loaded
[    0.752002] vgaarb: bridge control possible 0000:00:02.0
[    0.756326] SCSI subsystem initialized
[    0.760171] ACPI: bus type USB registered
[    0.764032] usbcore: registered new interface driver usbfs
[    0.768024] usbcore: registered new interface driver hub
[    0.772007] usbcore: registered new device driver usb
[    0.776413] PCI: Using ACPI for IRQ routing
[    0.780601] NetLabel: Initializing
[    0.784001] NetLabel:  domain hash size = 128
[    0.787128] NetLabel:  protocols = UNLABELED CIPSOv4
[    0.788012] NetLabel:  unlabeled traffic allowed by default
[    0.792112] amd_nb: Cannot enumerate AMD northbridges
[    0.796255] clocksource: Switched to clocksource kvm-clock
[    0.808643] AppArmor: AppArmor Filesystem Enabled
[    0.808643] pnp: PnP ACPI init
[    0.808643] pnp: PnP ACPI: found 3 devices
[    0.872521] clocksource: acpi_pm: mask: 0xffffff max_cycles: 0xffffff, max_idle_ns: 2085701024 ns
[    0.876477] NET: Registered protocol family 2
[    0.883926] TCP established hash table entries: 8192 (order: 4, 65536 bytes)
[    0.887115] TCP bind hash table entries: 8192 (order: 5, 131072 bytes)
[    0.887115] TCP: Hash tables configured (established 8192 bind 8192)
[    0.887115] UDP hash table entries: 512 (order: 2, 16384 bytes)
[    0.887115] UDP-Lite hash table entries: 512 (order: 2, 16384 bytes)
[    0.887115] NET: Registered protocol family 1
[    0.887115] pci 0000:00:00.0: Limiting direct PCI/PCI transfers
[    0.887115] pci 0000:00:01.0: Activating ISA DMA hang workarounds
[    0.887115] Unpacking initramfs...
[    0.887115] Freeing initrd memory: 14888K
[    0.887115] clocksource: tsc: mask: 0xffffffffffffffff max_cycles: 0x2135fd711f6, max_idle_ns: 440795262176 ns
[    0.887115] platform rtc_cmos: registered platform RTC device (no PNP device found)
[    0.887115] Scanning for low memory corruption every 60 seconds
[    1.241818] audit: initializing netlink subsys (disabled)
[    1.245672] audit: type=2000 audit(1678717641.137:1): initialized
[    1.250184] Initialise system trusted keyring
[    1.254445] HugeTLB registered 2 MB page size, pre-allocated 0 pages
[    1.260622] zbud: loaded
[    1.263474] VFS: Disk quotas dquot_6.6.0
[    1.266309] VFS: Dquot-cache hash table entries: 512 (order 0, 4096 bytes)
[    1.271141] squashfs: version 4.0 (2009/01/31) Phillip Lougher
[    1.276480] fuse init (API version 7.23)
[    1.279831] Key type big_key registered
[    1.282779] Allocating IMA MOK and blacklist keyrings.
[    1.300661] Key type asymmetric registered
[    1.304252] Asymmetric key parser 'x509' registered
[    1.307640] Block layer SCSI generic (bsg) driver version 0.4 loaded (major 249)
[    1.313233] io scheduler noop registered
[    1.315900] io scheduler deadline registered (default)
[    1.319540] io scheduler cfq registered
[    1.322437] pci_hotplug: PCI Hot Plug PCI Core version: 0.5
[    1.326263] pciehp: PCI Express Hot Plug Controller Driver version: 0.4
[    1.330868] ACPI: AC Adapter [AC] (off-line)
[    1.334534] input: Power Button as /devices/LNXSYSTM:00/LNXPWRBN:00/input/input0
[    1.339646] ACPI: Power Button [PWRF]
[    1.342501] input: Sleep Button as /devices/LNXSYSTM:00/LNXSLPBN:00/input/input1
[    1.347582] ACPI: Sleep Button [SLPF]
[    1.351157] GHES: HEST is not enabled!
[    1.352433] ACPI: Battery Slot [BAT0] (battery present)
[    1.357942] Serial: 8250/16550 driver, 32 ports, IRQ sharing enabled
[    1.386527] 00:02: ttyS0 at I/O 0x3f8 (irq = 4, base_baud = 115200) is a 16550A
[    1.405940] Linux agpgart interface v0.103
[    1.420899] loop: module loaded
[    1.426136] scsi host0: ata_piix
[    1.430171] scsi host1: ata_piix
[    1.433053] ata1: PATA max UDMA/33 cmd 0x1f0 ctl 0x3f6 bmdma 0xd000 irq 14
[    1.436981] ata2: PATA max UDMA/33 cmd 0x170 ctl 0x376 bmdma 0xd008 irq 15
[    1.443144] libphy: Fixed MDIO Bus: probed
[    1.446936] tun: Universal TUN/TAP device driver, 1.6
[    1.450479] tun: (C) 1999-2004 Max Krasnyansky <maxk@qualcomm.com>
[    1.455434] PPP generic driver version 2.4.2
[    1.458923] ehci_hcd: USB 2.0 'Enhanced' Host Controller (EHCI) Driver
[    1.463380] ehci-pci: EHCI PCI platform driver
[    1.466530] ehci-platform: EHCI generic platform driver
[    1.470165] ohci_hcd: USB 1.1 'Open' Host Controller (OHCI) Driver
[    1.474423] ohci-pci: OHCI PCI platform driver
[    1.477604] ohci-platform: OHCI generic platform driver
[    1.481212] uhci_hcd: USB Universal Host Controller Interface driver
[    1.485596] i8042: PNP: PS/2 Controller [PNP0303:PS2K,PNP0f03:PS2M] at 0x60,0x64 irq 1,12
[    1.494555] serio: i8042 KBD port at 0x60,0x64 irq 1
[    1.498024] serio: i8042 AUX port at 0x60,0x64 irq 12
[    1.502414] mousedev: PS/2 mouse device common for all mice
[    1.510179] rtc_cmos rtc_cmos: rtc core: registered rtc_cmos as rtc0
[    1.515335] input: AT Translated Set 2 keyboard as /devices/platform/i8042/serio0/input/input2
[    1.520377] rtc_cmos rtc_cmos: alarms up to one day, 114 bytes nvram
[    1.520389] i2c /dev entries driver
[    1.520470] device-mapper: uevent: version 1.0.3
[    1.520554] device-mapper: ioctl: 4.34.0-ioctl (2015-10-28) initialised: dm-devel@redhat.com
[    1.520569] ledtrig-cpu: registered to indicate activity on CPUs
[    1.521227] NET: Registered protocol family 10
[    1.521483] NET: Registered protocol family 17
[    1.521492] Key type dns_resolver registered
[    1.521786] registered taskstats version 1
[    1.521794] Loading compiled-in X.509 certificates
[    1.522199] Loaded X.509 cert 'Build time autogenerated kernel key: cf00e047681d67edb2720680708b7d9498083038'
[    1.522210] zswap: loaded using pool lzo/zbud
[    1.523590] Key type trusted registered
[    1.526071] Key type encrypted registered
[    1.526075] AppArmor: AppArmor sha1 policy hashing enabled
[    1.526077] ima: No TPM chip found, activating TPM-bypass!
[    1.526083] ima: Allocated hash algorithm: sha1
[    1.526125] evm: HMAC attrs: 0x1
[    1.526570]   Magic number: 15:368:485
[    1.528483] rtc_cmos rtc_cmos: setting system clock to 2023-03-13 14:27:17 UTC (1678717637)
[    1.528538] BIOS EDD facility v0.16 2004-Jun-25, 0 devices found
[    1.528538] EDD information not available.
[    1.648623] Freeing unused kernel memory: 1492K
[    1.665136] Write protecting the kernel read-only data: 14336k
[    1.675158] Freeing unused kernel memory: 1584K
[    1.681729] Freeing unused kernel memory: 52K
Loading, please wait...
starting version 229
[    1.707412] random: udevadm: uninitialized urandom read (16 bytes read, 9 bits of entropy available)
[    1.707452] random: systemd-udevd: uninitialized urandom read (16 bytes read, 9 bits of entropy available)
[    1.707500] random: systemd-udevd: uninitialized urandom read (16 bytes read, 9 bits of entropy available)
[    1.707514] random: systemd-udevd: uninitialized urandom read (16 bytes read, 9 bits of entropy available)
[    1.707538] random: systemd-udevd: uninitialized urandom read (16 bytes read, 9 bits of entropy available)
[    1.742052] random: udevadm: uninitialized urandom read (16 bytes read, 9 bits of entropy available)
[    1.754596] random: systemd-udevd: uninitialized urandom read (16 bytes read, 9 bits of entropy available)
[    1.756869] random: udevadm: uninitialized urandom read (16 bytes read, 9 bits of entropy available)
[    1.756901] random: udevadm: uninitialized urandom read (16 bytes read, 9 bits of entropy available)
[    1.757025] random: udevadm: uninitialized urandom read (16 bytes read, 9 bits of entropy available)
[    1.818140] e1000: Intel(R) PRO/1000 Network Driver - version 7.3.21-k8-NAPI
[    1.821316] e1000: Copyright (c) 1999-2006 Intel Corporation.
[    1.856410] Fusion MPT base driver 3.04.20
[    1.860705] Copyright (c) 1999-2008 LSI Corporation
[    1.871058] SSE version of gcm_enc/dec engaged.
[    1.887158] Fusion MPT SPI Host driver 3.04.20
[    2.112753] input: ImExPS/2 Generic Explorer Mouse as /devices/platform/i8042/serio1/input/input4
[    2.504796] e1000 0000:00:03.0 eth0: (PCI:33MHz:32-bit) 02:be:82:6b:cc:1d
[    2.510322] e1000 0000:00:03.0 eth0: Intel(R) PRO/1000 Network Connection
[    2.517233] mptbase: ioc0: Initiating bringup
[    2.517791] e1000 0000:00:03.0 enp0s3: renamed from eth0
[    2.605938] ioc0: LSI53C1030 A0: Capabilities={Initiator}
[    2.812643] scsi host2: ioc0: LSI53C1030 A0, FwRev=00000000h, Ports=1, MaxQ=256, IRQ=20
[    2.937158] scsi 2:0:0:0: Direct-Access     VBOX     HARDDISK         1.0  PQ: 0 ANSI: 5
[    2.946326] scsi target2:0:0: Beginning Domain Validation
[    2.962219] scsi target2:0:0: Domain Validation skipping write tests
[    2.968334] scsi target2:0:0: Ending Domain Validation
[    2.973969] scsi target2:0:0: asynchronous
[    2.981965] scsi 2:0:1:0: Direct-Access     VBOX     HARDDISK         1.0  PQ: 0 ANSI: 5
[    2.989140] scsi target2:0:1: Beginning Domain Validation
[    3.002571] scsi target2:0:1: Domain Validation skipping write tests
[    3.006510] scsi target2:0:1: Ending Domain Validation
[    3.011128] scsi target2:0:1: asynchronous
[    3.039920] sd 2:0:0:0: Attached scsi generic sg0 type 0
[    3.040275] sd 2:0:0:0: [sda] 83886080 512-byte logical blocks: (42.9 GB/40.0 GiB)
[    3.040877] sd 2:0:0:0: [sda] Write Protect is off
[    3.041253] sd 2:0:0:0: [sda] Incomplete mode parameter data
[    3.041254] sd 2:0:0:0: [sda] Assuming drive cache: write through
[    3.069555] sd 2:0:1:0: [sdb] 20480 512-byte logical blocks: (10.5 MB/10.0 MiB)
[    3.069661] sd 2:0:1:0: Attached scsi generic sg1 type 0
[    3.082033] sd 2:0:1:0: [sdb] Write Protect is off
[    3.087028] sd 2:0:1:0: [sdb] Incomplete mode parameter data
[    3.091964] sd 2:0:1:0: [sdb] Assuming drive cache: write through
[    3.097509]  sda: sda1
[    3.102685] sd 2:0:0:0: [sda] Attached SCSI disk
[    3.109739] sd 2:0:1:0: [sdb] Attached SCSI disk
Begin: Loading essential drivers ... [    4.678259] md: linear personality registered for level -1
[    4.686448] md: multipath personality registered for level -4
[    4.694120] md: raid0 personality registered for level 0
[    4.711304] md: raid1 personality registered for level 1
[    4.784792] raid6: sse2x1   gen() 12157 MB/s
[    4.856139] raid6: sse2x1   xor()  8472 MB/s
[    4.924302] raid6: sse2x2   gen() 17221 MB/s
[    4.992069] raid6: sse2x2   xor() 11310 MB/s
[    5.064594] raid6: sse2x4   gen() 18072 MB/s
[    5.136208] raid6: sse2x4   xor() 11757 MB/s
[    5.139790] raid6: using algorithm sse2x4 gen() 18072 MB/s
[    5.143707] raid6: .... xor() 11757 MB/s, rmw enabled
[    5.147304] raid6: using ssse3x2 recovery algorithm
[    5.153227] xor: measuring software checksum speed
[   10.505364]    prefetch64-sse: 1792311.704 MB/sec
[   10.606583]    generic_sse: 53171.000 MB/sec
[   10.610643] xor: using function: prefetch64-sse (1792311.704 MB/sec)
[   10.618586] async_tx: api initialized (async)
[   10.659461] md: raid6 personality registered for level 6
[   10.664847] md: raid5 personality registered for level 5
[   10.670056] md: raid4 personality registered for level 4
[   10.695014] md: raid10 personality registered for level 10
done.
Begin: Running /scripts/init-premount ... done.
Begin: Mounting root file system ... Begin: Running /scripts/local-top ... done.
Begin: Running /scripts/local-premount ... [   10.773201] Btrfs loaded
Scanning for Btrfs filesystems
done.
Warning: fsck not present, so skipping root file system
[   10.901079] EXT4-fs (sda1): mounted filesystem with ordered data mode. Opts: (null)
done.
Begin: Running /scripts/local-bottom ... done.
Begin: Running /scripts/init-bottom ... done.
[   11.083650] systemd[1]: systemd 229 running in system mode. (+PAM +AUDIT +SELINUX +IMA +APPARMOR +SMACK +SYSVINIT +UTMP +LIBCRYPTSETUP +GCRYPT +GNUTLS +ACL +XZ -LZ4 +SECCOMP +BLKID +ELFUTILS +KMOD -IDN)
[   11.102988] systemd[1]: Detected virtualization oracle.
[   11.108485] systemd[1]: Detected architecture x86-64.

Welcome to [1mUbuntu 16.04.7 LTS[0m!

[   11.123353] systemd[1]: Set hostname to <ubuntu>.
[   11.135480] systemd[1]: Initializing machine ID from random generator.
[   11.142421] systemd[1]: Installed transient /etc/machine-id file.
[   11.367002] systemd[1]: Listening on fsck to fsckd communication Socket.
[[0;32m  OK  [0m] Listening on fsck to fsckd communication Socket.
[   11.377641] systemd[1]: Started Trigger resolvconf update for networkd DNS.
[[0;32m  OK  [0m] Started Trigger resolvconf update for networkd DNS.
[   11.388174] systemd[1]: Listening on Journal Socket.
[[0;32m  OK  [0m] Listening on Journal Socket.
[   11.395943] systemd[1]: Listening on udev Kernel Socket.
[[0;32m  OK  [0m] Listening on udev Kernel Socket.
[   11.404388] systemd[1]: Listening on LVM2 metadata daemon socket.
[[0;32m  OK  [0m] Listening on LVM2 metadata daemon socket.
[   11.413333] systemd[1]: Reached target Encrypted Volumes.
[[0;32m  OK  [0m] Reached target Encrypted Volumes.
[   11.421548] systemd[1]: Listening on Journal Audit Socket.
[[0;32m  OK  [0m] Listening on Journal Audit Socket.
[   11.429934] systemd[1]: Listening on udev Control Socket.
[[0;32m  OK  [0m] Listening on udev Control Socket.
[   11.438316] systemd[1]: Started Forward Password Requests to Wall Directory Watch.
[[0;32m  OK  [0m] Started Forward Password Requests to Wall Directory Watch.
[   11.449170] systemd[1]: Reached target Swap.
[[0;32m  OK  [0m] Reached target Swap.
[   11.456314] systemd[1]: Listening on Syslog Socket.
[[0;32m  OK  [0m] Listening on Syslog Socket.
[   11.464232] systemd[1]: Listening on Journal Socket (/dev/log).
[[0;32m  OK  [0m] Listening on Journal Socket (/dev/log).
[   11.473150] systemd[1]: Reached target System Time Synchronized.
[[0;32m  OK  [0m] Reached target System Time Synchronized.
[   11.482685] systemd[1]: Reached target User and Group Name Lookups.
[[0;32m  OK  [0m] Reached target User and Group Name Lookups.
[   11.492228] systemd[1]: Created slice System Slice.
[[0;32m  OK  [0m] Created slice System Slice.
[   11.499782] systemd[1]: Created slice system-serial\x2dgetty.slice.
[[0;32m  OK  [0m] Created slice system-serial\x2dgetty.slice.
[   11.521203] systemd[1]: Mounting Huge Pages File System...
         Mounting Huge Pages File System...
[   11.533446] systemd[1]: Starting Set console keymap...
         Starting Set console keymap...
[   11.592617] systemd[1]: Starting Load Kernel Modules...
         Starting Load Kernel Modules...
[   11.605876] systemd[1]: Starting Journal Service...
         Starting Journal Service...
[   11.615978] systemd[1]: Starting Nameserver information manager...
         Starting Nameserver information manager...
[   11.625950] systemd[1]: Starting Create list of required static device nodes for the current kernel...
         Starting Create list of required st... nodes for the current kernel...
[   11.642128] Loading iSCSI transport class v2.0-870.
[   11.644233] systemd[1]: Starting Uncomplicated firewall...
         Starting Uncomplicated firewall...
[   11.660342] systemd[1]: Mounting POSIX Message Queue File System...
         Mounting POSIX Message Queue File System...
[   11.685218] systemd[1]: Listening on /dev/initctl Compatibility Named Pipe.
[[0;32m  OK  [0m] Listening on /dev/initctl Compatibility Named Pipe.
[   11.705622] iscsi: registered transport (tcp)
[   11.706251] systemd[1]: Mounting Debug File System...
         Mounting Debug File System...
[   11.724708] systemd[1]: Starting File System Check on Root Device...
         Starting File System Check on Root Device...
[   11.746249] systemd[1]: Set up automount Arbitrary Executable File Formats File System Automount Point.
[[0;32m  OK  [0m] Set up automount Arbitrary Executab...ats File System Automount Point.
[   11.767547] systemd[1]: Created slice User and Session Slice.
[[0;32m  OK  [0m[   11.777501] random: nonblocking pool is initialized
] Created slice User and Session Slice.
[   11.791546] systemd[1]: Reached target Slices.
[[0;32m  OK  [0m] Reached target Slices.
[   11.808970] systemd[1]: Listening on Device-mapper event daemon FIFOs.
[[0;32m  OK  [0m] Listening on Device-mapper event daemon FIFOs.
[   11.848396] systemd[1]: Starting Monitoring of LVM2 mirrors, snapshots etc. using dmeventd or progress polling...
[   11.848818] iscsi: registered transport (iser)
         Starting Monitoring of LVM2 mirrors... dmeventd or progress polling...
[   11.880662] systemd[1]: Listening on LVM2 poll daemon socket.
[[0;32m  OK  [0m] Listening on LVM2 poll daemon socket.
[   11.901897] systemd[1]: Mounted Huge Pages File System.
[[0;32m  OK  [0m] Mounted Huge Pages File System.
[   11.914043] systemd[1]: Mounted POSIX Message Queue File System.
[[0;32m  OK  [0m] Mounted POSIX Message Queue File System.
[   11.926921] systemd[1]: Mounted Debug File System.
[[0;32m  OK  [0m] Mounted Debug File System.
[   11.938697] systemd[1]: Started Journal Service.
[[0;32m  OK  [0m] Started Journal Service.
[[0;32m  OK  [0m] Started Set console keymap.
[[0;32m  OK  [0m] Started Load Kernel Modules.
[[0;32m  OK  [0m] Started Create list of required sta...ce nodes for the current kernel.
[[0;32m  OK  [0m] Started Uncomplicated firewall.
[[0;32m  OK  [0m] Started File System Check on Root Device.
[[0;32m  OK  [0m] Started Nameserver information manager.
[[0;32m  OK  [0m] Started LVM2 metadata daemon.
[[0;32m  OK  [0m] Started File System Check Daemon to report status.
         Starting Remount Root and Kernel File Systems...
         [   12.047058] EXT4-fs (sda1): re-mounted. Opts: (null)
Starting Create Static Device Nodes in /dev...
         Starting Apply Kernel Variables...
         Mounting FUSE Control File System...
[[0;32m  OK  [0m] Mounted FUSE Control File System.
[[0;32m  OK  [0m] Started Remount Root and Kernel File Systems.
[[0;32m  OK  [0m] Started Create Static Device Nodes in /dev.
[[0;32m  OK  [0m] Started Apply Kernel Variables.
         Starting udev Kernel Device Manager...
         Starting udev Coldplug all Devices...
         Starting Load/Save Random Seed...
         Starting Flush Journal to Persistent Storage...
[[0;32m  OK  [0m] Started Load/Save Random Seed.
[[0;32m  OK  [0m] Started Flush Journal to Persistent Storage.
[[0;32m  OK  [0m] Started udev Kernel Device Manager.
[[0;32m  OK  [0m] Started udev Coldplug all Devices.
[[0;32m  OK  [0m] Started Dispatch Password Requests to Console Directory Watch.
[[0;32m  OK  [0m] Started Monitoring of LVM2 mirrors,...ng dmeventd or progress polling.
[[0;32m  OK  [0m] Reached target Local File Systems (Pre).
[[0;32m  OK  [0m] Reached target Local File Systems.
         Starting Commit a transient machine-id on disk...
         Starting Initial cloud-init job (pre-networking)...
         Starting Tell Plymouth To Write Out Runtime Data...
         Starting Create Volatile Files and Directories...
         Starting LSB: AppArmor initialization...
         Starting Set console font and keymap...
[[0;32m  OK  [0m] Started Commit a transient machine-id on disk.
[[0;32m  OK  [0m] Started Tell Plymouth To Write Out Runtime Data.
[[0;32m  OK  [0m] Started Create Volatile Files and Directories.
[[0;32m  OK  [0m] Found device /dev/ttyS0.
         Starting Update UTMP about System Boot/Shutdown...
[[0;32m  OK  [0m] Started Update UTMP about System Boot/Shutdown.
[[0;32m  OK  [0m] Listening on Load/Save RF Kill Switch Status /dev/rfkill Watch.
[[0;32m  OK  [0m] Started LSB: AppArmor initialization.
[   14.410201] cloud-init[496]: Cloud-init v. 21.1-19-gbad84ad4-0ubuntu1~16.04.2 running 'init-local' at Mon, 13 Mar 2023 14:27:30 +0000. Up 14.04 seconds.
[[0;32m  OK  [0m] Started Initial cloud-init job (pre-networking).
[[0;32m  OK  [0m] Reached target Network (Pre).
         Starting Load AppArmor profiles managed internally by snapd...
         Starting Raise network interfaces...
[[0;32m  OK  [0m] Started Load AppArmor profiles managed internally by snapd.
[[0;32m  OK  [0m] Started Set console font and keymap.
[[0;32m  OK  [0m] Created slice system-getty.slice.
[[0;32m  OK  [0m] Started Raise network interfaces.
         Starting Initial cloud-init job (metadata service crawler)...
[[0;32m  OK  [0m] Reached target Network.
[   16.616652] cloud-init[958]: Cloud-init v. 21.1-19-gbad84ad4-0ubuntu1~16.04.2 running 'init' at Mon, 13 Mar 2023 14:27:31 +0000. Up 15.92 seconds.
[   16.627873] cloud-init[958]: ci-info: ++++++++++++++++++++++++++++++++++++++Net device info++++++++++++++++++++++++++++++++++++++
[   16.637730] cloud-init[958]: ci-info: +--------+------+----------------------------+---------------+--------+-------------------+
[   16.646344] cloud-init[958]: ci-info: | Device |  Up  |          Address           |      Mask     | Scope  |     Hw-Address    |
[   16.653225] cloud-init[958]: ci-info: +--------+------+----------------------------+---------------+--------+-------------------+
[   16.658461] cloud-init[958]: ci-info: | enp0s3 | True |         10.0.2.15          | 255.255.255.0 | global | 02:be:82:6b:cc:1d |
[   16.663834] cloud-init[958]: ci-info: | enp0s3 | True | fe80::be:82ff:fe6b:cc1d/64 |       .       |  link  | 02:be:82:6b:cc:1d |
[   16.667897] cloud-init[958]: ci-info: |   lo   | True |         127.0.0.1          |   255.0.0.0   |  host  |         .         |
[   16.673454] cloud-init[958]: ci-info: |   lo   | True |          ::1/128           |       .       |  host  |         .         |
[   16.677499] cloud-init[958]: ci-info: +--------+------+----------------------------+---------------+--------+-------------------+
[   16.681551] cloud-init[958]: ci-info: +++++++++++++++++++++++++++Route IPv4 info++++++++++++++++++++++++++++
[   16.685332] cloud-init[958]: ci-info: +-------+-------------+----------+---------------+-----------+-------+
[   16.689207] cloud-init[958]: ci-info: | Route | Destination | Gateway  |    Genmask    | Interface | Flags |
[   16.693116] cloud-init[958]: ci-info: +-------+-------------+----------+---------------+-----------+-------+
[   16.696761] cloud-init[958]: ci-info: |   0   |   0.0.0.0   | 10.0.2.2 |    0.0.0.0    |   enp0s3  |   UG  |
[   16.700454] cloud-init[958]: ci-info: |   1   |   10.0.2.0  | 0.0.0.0  | 255.255.255.0 |   enp0s3  |   U   |
[   16.704296] cloud-init[958]: ci-info: +-------+-------------+----------+---------------+-----------+-------+
[   16.708146] cloud-init[958]: ci-info: +++++++++++++++++++Route IPv6 info+++++++++++++++++++
[   16.713546] cloud-init[958]: ci-info: +-------+-------------+---------+-----------+-------+
[   16.717052] cloud-init[958]: ci-info: | Route | Destination | Gateway | Interface | Flags |
[   16.720393] cloud-init[958]: ci-info: +-------+-------------+---------+-----------+-------+
[   16.723870] cloud-init[958]: ci-info: |   0   |  fe80::/64  |    ::   |   enp0s3  |   U   |
[   16.727894] cloud-init[958]: ci-info: |   3   |   ff00::/8  |    ::   |   enp0s3  |   U   |
[   16.732754] cloud-init[958]: ci-info: +-------+-------------+---------+-----------+-------+
[   16.736355] cloud-init[958]: Generating public/private rsa key pair.
[[0;32m  OK  [0m] Started Initial cloud-init job (metadata service crawler).
[[0;32m  OK  [0m] Reached target System Initialization.
[[0;32m  OK  [0m] Started Daily apt download activities.
[[0;32m  OK  [0m] Listening on D-Bus System Message Bus Socket.
         Starting Socket activation for snappy daemon.
[   16.739697] cloud-init[958]: Your identification has been saved in /etc/ssh/ssh_host_rsa_key.
[   16.753715]          Starting LXD - unix socket.
[[0;32m  OK  [0m] Started Message of the Day.
[[0;32m  OK  [0m] Listening on UUID daemon activation socket.
[[0;32m  OK  [0m] Listening on ACPID Listen Socket.
cloud-init[[0;32m  OK  [0m] Started ACPI Events Check.
[[0;32m  OK  [0m] Reached target Paths.
[[0;32m  OK  [0m] Started Daily apt upgrade and clean activities.
[[0;32m  OK  [0m] Started Daily Cleanup of Temporary Directories.
[[0;32m  OK  [0m] Started Ubuntu Advantage update messaging.
[[0;32m  OK  [0m] Reached target Timers.
[[0;32m  OK  [0m] Reached target Cloud-config availability.
[[0;32m  OK  [0m] Reached target Network is Online.
[958]: Your public key has been saved in /etc/ssh/ssh_host_rsa_key.pub.
[   16.773974] cloud-init         Starting iSCSI initiator daemon (iscsid)...
[[0;32m  OK  [0m] Listening on Socket activation for snappy daemon.
[[0;32m  OK  [0m] Listening on LXD - unix socket.
[[0;32m  OK  [0m] Reached target Sockets.
[[0;32m  OK  [0m] Reached target Basic System.
         Starting LSB: MD monitoring daemon...
         Starting /etc/rc.local Compatibility...
[958]: [[0;32m  OK  [0m] Started Regular background program processing daemon.
[[0;32m  OK  [0m] Started D-Bus System Message Bus.
The key fingerprint is:
[   16.796549] cloud-init[958]: SHA256:oW1sosjqqHI2yorp5zX0qLDvTjIxNBtm0D9LeF6ZjQ4 root@ubuntu-xenial
[   16.802162] cloud-init[958]: The key's randomart image is:
[   16.805671] cloud-init[958]: +---[RSA 2048]----+
[   16.809321] cloud-init[958]: |..               |
[   16.813035] cloud-init[958]: |. .              |
[   16.815843] cloud-init[958]: | * o   =.        |
[   16.819095] cloud-init[958]: |+ = E =+..       |
[   16.822817] cloud-init[958]: | + + Bo S        |
[   16.825991] cloud-init[958]: | .o.+.++         |
[   16.828905] cloud-init[958]: | +o..+ .         |
[   16.831843] cloud-init[958]: |=oX.o .          |
[   16.835284] cloud-init[958]: |#O*B             |
[   16.838439] cloud-init[958]: +----[SHA256]-----+
[   16.841665] cloud-init[958]: Generating public/private dsa key pair.
[   16.845093] cloud-init[958]: Your identification has been saved in /etc/ssh/ssh_host_dsa_key.
[   16.849418] cloud-init[958]: Your public key has been saved in /etc/ssh/ssh_host_dsa_key.pub.
[   16.853695] cloud-init[958]: The key fingerprint is:
[   16.856855] cloud-init[958]: SHA256:Ju7FWGzwUDZMv5i/2KCtmTgi2cN6s6JXT+Lcm+KTkSQ root@ubuntu-xenial
[   16.862345] cloud-init[958]: The key's randomart image is:
[   16.865907] cloud-init[958]: +---[DSA 1024]----+
[   16.870541] cloud-init[958]: |       o=        |
[   16.873782] cloud-init[958]: |       o.o       |
[   16.878039] [[0;32m  OK  [0m] Started ACPI event daemon.
         Starting Virtualbox guest utils...
[[0;32m  OK  [0m] Started FUSE filesystem for LXC.
         Starting Accounts Service...
         Starting System Logging Service...
         Starting Login Service...
         Starting Pollinate to seed the pseudo random number generator...
cloud-init         Starting Snap Daemon...
         Starting LXD - container startup/shutdown...
         Starting LSB: Record successful boot for GRUB...
[[0;32m  OK  [0m] Started Deferred execution scheduler.
[[0;32m  OK  [0m] Started /etc/rc.local Compatibility.
[958]: |      o   .      |
[[0;32m  OK  [0m] Started iSCSI initiator daemon (iscsid).
         Starting Login to default iSCSI targets...
[   16.934632] cloud-init[958]: |  E .  = o .     |
[   17.012731] [[0;32m  OK  [0m] Started System Logging Service.
[[0;32m  OK  [0m] Started LSB: MD monitoring daemon.
[[0;32m  OK  [0m] Started Login to default iSCSI targets.
cloud-init[958]: [[0;32m  OK  [0m] Reached target Remote File Systems (Pre).
[[0;32m  OK  [0m] Reached target Remote File Systems.
|   o .. S .      |
[   17.042779] cloud-init[958]:          Starting LSB: automatic crash report generation...
         Starting LSB: Set the CPU Frequency Scaling governor to "ondemand"...
         Starting LSB: daemon to balance interrupts for SMP systems...
         Starting Permit User Sessions...
[[0;32m  OK  [0m] Started Login Service.
[[0;32m  OK  [0m] Started Unattended Upgrades Shutdown.
|    =..B .       |
         Starting Authenticate and Authorize Users to Run Privileged Tasks...
[[0;32m  OK  [0m] Started Permit User Sessions.
[   17.129504]          Starting Hold until boot process finishes up...
cloud-init[958]: | + + Bo + .      |         Starting Terminate Plymouth Boot Screen...

[[0;32m  OK  [0m] Started LSB: Record successful boot for GRUB.
[[0;32m  OK  [0m] Started Hold until boot process finishes up.
         Starting Set console scheme...
[[0;32m  OK  [0m] Started Getty on tty1.
[[0;32m  OK  [0m] Started Serial Getty on ttyS0.
[   17.209931] [[0;32m  OK  [0m] Reached target Login Prompts.
[[0;32m  OK  [0m] Started LSB: Set the CPU Frequency Scaling governor to "ondemand".
[[0;32m  OK  [0m] Started Terminate Plymouth Boot Screen.
[[0;32m  OK  [0m] Started Set console scheme.
cloud-init[958]: |+ O BooB + .     |[[0;32m  OK  [0m] Started Authenticate and Authorize Users to Run Privileged Tasks.

[[0;32m  OK  [0m] Started Accounts Service.
[   17.261248] [[0;32m  OK  [0m] Started LSB: daemon to balance interrupts for SMP systems.
cloud-init[958]: |+*.*o+Ooo o      |
[   17.305401] [[0;32m  OK  [0m] Started LSB: automatic crash report generation.
cloud-init[958]: +----[SHA256]-----+
[[0;32m  OK  [0m] Started LXD - container startup/shutdown.
[   17.352908] cloud-init[958]: Generating public/private ecdsa key pair.
[   17.385142] cloud-init[958]: Your identification has been saved in /etc/ssh/ssh_host_ecdsa_key.
[   17.399840] cloud-init[958]: Your public key has been saved in /etc/ssh/ssh_host_ecdsa_key.pub.
[   17.413993] cloud-init[958]: The key fingerprint is:
[   17.421614] cloud-init[958]: SHA256:Wdia1YndhqNSC8gtrLcBuNLvfEvFlVrrFydew0AHnd0 root@ubuntu-xenial
[   17.428935] cloud-init[958]: The key's randomart image is:
[   17.446999] cloud-init[958]: +---[ECDSA 256]---+
[   17.455865] cloud-init[958]: |            oo.o.|
[   17.466952] cloud-init[958]: |   . o o o * =o E|
[   17.474952] cloud-init[958]: |  . . = + X B o  |
[   17.484787] cloud-init[958]: | . . o o % + =   |
[[0;32m  OK  [0m] Started Virtualbox guest utils.
[   17.492360] cloud-init[958]: |. o . o S + o =  |
[   17.504137] cloud-init[958]: | . . . + o . = . |
[   17.522664] cloud-init[958]: |    . o   . o    |
[   17.545268] cloud-init[958]: |   o ..    .     |
[   17.550896] cloud-init[958]: |    o...         |
[   17.557682] cloud-init[958]: +----[SHA256]-----+
[   17.568475] cloud-init[958]: Generating public/private ed25519 key pair.
[   17.574813] cloud-init[958]: Your identification has been saved in /etc/ssh/ssh_host_ed25519_key.
[   17.591951] cloud-init[958]: Your public key has been saved in /etc/ssh/ssh_host_ed25519_key.pub.
[   17.608039] cloud-init[958]: The key fingerprint is:
[   17.623390] cloud-init[958]: SHA256:8fHJpFoaS2EM5BVRHFCK6iriVw/2tJft1molI/7ErxQ root@ubuntu-xenial
[   17.636786] cloud-init[958]: The key's randomart image is:
[   17.650441] cloud-init[958]: +--[ED25519 256]--+
[   17.664359] cloud-init[958]: |     .o =B+.     |
[   17.678857] cloud-init[958]: |     . = ..      |
[   17.691020] cloud-init[958]: |      o * . .    |
[   17.710725] cloud-init[958]: |     . . + * .   |
[   17.730000] cloud-init[958]: |    .   S +E+    |
[   17.740466] cloud-init[958]: |   . + o B.o..   |
[   17.751385] cloud-init[958]: |    + = * ++=    |
[   17.762897] cloud-init[958]: |o  o   + +o+..   |
[   17.771946] cloud-init[958]: |ooo     . ==o.   |
[   17.780565] cloud-init[958]: +----[SHA256]-----+
[[0;32m  OK  [0m] Started Snap Daemon.
         Starting Wait until snapd is fully seeded...
[[0;32m  OK  [0m] Started Pollinate to seed the pseudo random number generator.
         Starting OpenBSD Secure Shell server...
[[0;32m  OK  [0m] Started OpenBSD Secure Shell server.
[[0;32m  OK  [0m] Created slice User Slice of vagrant.
         Starting User Manager for UID 1000...
[[0;32m  OK  [0m] Started Session 1 of user vagrant.
[[0;32m  OK  [0m] Started User Manager for UID 1000.
[[0;32m  OK  [0m] Started Wait until snapd is fully seeded.
[[0;32m  OK  [0m] Reached target Multi-User System.
[[0;32m  OK  [0m] Reached target Graphical Interface.
         Starting Update UTMP about System Runlevel Changes...
         Starting Apply the settings specified in cloud-config...
[[0;32m  OK  [0m] Started Update UTMP about System Runlevel Changes.
[   19.849389] cloud-init[1383]: Generating locales (this might take a while)...
[   21.198998] cloud-init[1383]:   en_US.UTF-8... done
[   21.203406] cloud-init[1383]: Generation complete.
[   21.636155] cloud-init[1383]: Cloud-init v. 21.1-19-gbad84ad4-0ubuntu1~16.04.2 running 'modules:config' at Mon, 13 Mar 2023 14:27:35 +0000. Up 19.63 seconds.
[[0;32m  OK  [0m] Started Apply the settings specified in cloud-config.
         Starting Execute cloud user/final scripts...
ci-info: no authorized SSH keys fingerprints found for user ubuntu.
<14>Mar 13 14:27:38 ec2: 
<14>Mar 13 14:27:38 ec2: #############################################################
<14>Mar 13 14:27:38 ec2: -----BEGIN SSH HOST KEY FINGERPRINTS-----
<14>Mar 13 14:27:38 ec2: 1024 SHA256:Ju7FWGzwUDZMv5i/2KCtmTgi2cN6s6JXT+Lcm+KTkSQ root@ubuntu-xenial (DSA)
<14>Mar 13 14:27:38 ec2: 256 SHA256:Wdia1YndhqNSC8gtrLcBuNLvfEvFlVrrFydew0AHnd0 root@ubuntu-xenial (ECDSA)
<14>Mar 13 14:27:38 ec2: 256 SHA256:8fHJpFoaS2EM5BVRHFCK6iriVw/2tJft1molI/7ErxQ root@ubuntu-xenial (ED25519)
<14>Mar 13 14:27:38 ec2: 2048 SHA256:oW1sosjqqHI2yorp5zX0qLDvTjIxNBtm0D9LeF6ZjQ4 root@ubuntu-xenial (RSA)
<14>Mar 13 14:27:38 ec2: -----END SSH HOST KEY FINGERPRINTS-----
<14>Mar 13 14:27:38 ec2: #############################################################
-----BEGIN SSH HOST KEY KEYS-----
ecdsa-sha2-nistp256 AAAAE2VjZHNhLXNoYTItbmlzdHAyNTYAAAAIbmlzdHAyNTYAAABBBMK2jfYyb5MQsWvIXJihbJ1dyfPRPWsOzm9EJyiKHEQ0sbYT/dvEL+5SWy1tjkVgsey63kACjuA1J1XH9vzfbUM= root@ubuntu-xenial
ssh-ed25519 AAAAC3NzaC1lZDI1NTE5AAAAIJEM8PWfyKymlsoa3RdakPLnLl22MY44bcVBx3dpSfo+ root@ubuntu-xenial
ssh-rsa AAAAB3NzaC1yc2EAAAADAQABAAABAQDF4MhMGZj0aIhZIaYabuGf8C42AZBaHbaIiPvZYt3YWYVM881a2i7WFFXtlX8UaMIXu/dQP/UFaHCDtup7lAZtQPuXeC8DtELe/wR/RZIsRBH9PxVkZaq/q4XSCzLJUUOFrFkT+jDdnxaMAxSYoxczlAf/jg6KO+Q8SN7cW0iXnuJ0RrhYfBKzdxPa+40LdKhmjRtgTMyJuO30KwQKZDepMyHUU4aODOXTbJj1HZBIXdbjvMWS9pzuOLpOAiFMI3EFg6jnJEU378A0L/mAgMf0tcRYw8bIJ7WOgivsIj7RH8h/B4OLkwpomqHjLXfM4L+2PBYfL4ERJiBdrsPfSvrV root@ubuntu-xenial
-----END SSH HOST KEY KEYS-----
[   22.305692] cloud-init[1550]: Cloud-init v. 21.1-19-gbad84ad4-0ubuntu1~16.04.2 running 'modules:final' at Mon, 13 Mar 2023 14:27:38 +0000. Up 22.03 seconds.
[   22.316630] cloud-init[1550]: ci-info: no authorized SSH keys fingerprints found for user ubuntu.
[   22.316766] cloud-init[1550]: Cloud-init v. 21.1-19-gbad84ad4-0ubuntu1~16.04.2 finished at Mon, 13 Mar 2023 14:27:38 +0000. Datasource DataSourceNoCloud [seed=/dev/sdb][dsmode=net].  Up 22.22 seconds

Ubuntu 16.04.7 LTS ubuntu-xenial ttyS0

ubuntu-xenial login: 