[    0.000000] Initializing cgroup subsys cpuset
[    0.000000] Initializing cgroup subsys cpu
[    0.000000] Initializing cgroup subsys cpuacct
[    0.000000] Linux version 4.4.0-210-generic (buildd@lgw01-amd64-009) (gcc version 5.4.0 20160609 (Ubuntu 5.4.0-6ubuntu1~16.04.12) ) #242-Ubuntu SMP Fri Apr 16 09:57:56 UTC 2021 (Ubuntu 4.4.0-210.242-generic 4.4.262)
[    0.000000] Command line: BOOT_IMAGE=/boot/vmlinuz-4.4.0-210-generic root=LABEL=cloudimg-rootfs ro console=tty1 console=ttyS0
[    0.000000] KERNEL supported cpus:
[    0.000000]   Intel GenuineIntel
[    0.000000]   AMD AuthenticAMD
[    0.000000]   Centaur CentaurHauls
[    0.000000] x86/fpu: Legacy x87 FPU detected.
[    0.000000] e820: BIOS-provided physical RAM map:
[    0.000000] BIOS-e820: [mem 0x0000000000000000-0x000000000009fbff] usable
[    0.000000] BIOS-e820: [mem 0x000000000009fc00-0x000000000009ffff] reserved
[    0.000000] BIOS-e820: [mem 0x00000000000f0000-0x00000000000fffff] reserved
[    0.000000] BIOS-e820: [mem 0x0000000000100000-0x000000003ffeffff] usable
[    0.000000] BIOS-e820: [mem 0x000000003fff0000-0x000000003fffffff] ACPI data
[    0.000000] BIOS-e820: [mem 0x00000000fec00000-0x00000000fec00fff] reserved
[    0.000000] BIOS-e820: [mem 0x00000000fee00000-0x00000000fee00fff] reserved
[    0.000000] BIOS-e820: [mem 0x00000000fffc0000-0x00000000ffffffff] reserved
[    0.000000] NX (Execute Disable) protection: active
[    0.000000] SMBIOS 2.5 present.
[    0.000000] Hypervisor detected: KVM
[    0.000000] Kernel/User page tables isolation: disabled
[    0.000000] e820: last_pfn = 0x3fff0 max_arch_pfn = 0x400000000
[    0.000000] MTRR: Disabled
[    0.000000] x86/PAT: MTRRs disabled, skipping PAT initialization too.
[    0.000000] CPU MTRRs all blank - virtualized system.
[    0.000000] x86/PAT: Configuration [0-7]: WB  WT  UC- UC  WB  WT  UC- UC  
[    0.000000] found SMP MP-table at [mem 0x0009fff0-0x0009ffff] mapped at [ffff88000009fff0]
[    0.000000] Scanning 1 areas for low memory corruption
[    0.000000] RAMDISK: [mem 0x362dc000-0x37165fff]
[    0.000000] ACPI: Early table checksum verification disabled
[    0.000000] ACPI: RSDP 0x00000000000E0000 000024 (v02 VBOX  )
[    0.000000] ACPI: XSDT 0x000000003FFF0030 00003C (v01 VBOX   VBOXXSDT 00000001 ASL  00000061)
[    0.000000] ACPI: FACP 0x000000003FFF00F0 0000F4 (v04 VBOX   VBOXFACP 00000001 ASL  00000061)
[    0.000000] ACPI: DSDT 0x000000003FFF0610 002353 (v02 VBOX   VBOXBIOS 00000002 INTL 20100528)
[    0.000000] ACPI: FACS 0x000000003FFF0200 000040
[    0.000000] ACPI: FACS 0x000000003FFF0200 000040
[    0.000000] ACPI: APIC 0x000000003FFF0240 00005C (v02 VBOX   VBOXAPIC 00000001 ASL  00000061)
[    0.000000] ACPI: SSDT 0x000000003FFF02A0 00036C (v01 VBOX   VBOXCPUT 00000002 INTL 20100528)
[    0.000000] No NUMA configuration found
[    0.000000] Faking a node at [mem 0x0000000000000000-0x000000003ffeffff]
[    0.000000] NODE_DATA(0) allocated [mem 0x3ffeb000-0x3ffeffff]
[    0.000000] kvm-clock: Using msrs 4b564d01 and 4b564d00
[    0.000000] kvm-clock: cpu 0, msr 0:3ffe3001, primary cpu clock
[    0.000000] kvm-clock: using sched offset of 3615916165 cycles
[    0.000000] clocksource: kvm-clock: mask: 0xffffffffffffffff max_cycles: 0x1cd42e4dffb, max_idle_ns: 881590591483 ns
[    0.000000] Zone ranges:
[    0.000000]   DMA      [mem 0x0000000000001000-0x0000000000ffffff]
[    0.000000]   DMA32    [mem 0x0000000001000000-0x000000003ffeffff]
[    0.000000]   Normal   empty
[    0.000000]   Device   empty
[    0.000000] Movable zone start for each node
[    0.000000] Early memory node ranges
[    0.000000]   node   0: [mem 0x0000000000001000-0x000000000009efff]
[    0.000000]   node   0: [mem 0x0000000000100000-0x000000003ffeffff]
[    0.000000] Initmem setup node 0 [mem 0x0000000000001000-0x000000003ffeffff]
[    0.000000] ACPI: PM-Timer IO Port: 0x4008
[    0.000000] IOAPIC[0]: apic_id 2, version 32, address 0xfec00000, GSI 0-23
[    0.000000] ACPI: INT_SRC_OVR (bus 0 bus_irq 0 global_irq 2 dfl dfl)
[    0.000000] ACPI: INT_SRC_OVR (bus 0 bus_irq 9 global_irq 9 low level)
[    0.000000] Using ACPI (MADT) for SMP configuration information
[    0.000000] smpboot: Allowing 2 CPUs, 0 hotplug CPUs
[    0.000000] PM: Registered nosave memory: [mem 0x00000000-0x00000fff]
[    0.000000] PM: Registered nosave memory: [mem 0x0009f000-0x0009ffff]
[    0.000000] PM: Registered nosave memory: [mem 0x000a0000-0x000effff]
[    0.000000] PM: Registered nosave memory: [mem 0x000f0000-0x000fffff]
[    0.000000] e820: [mem 0x40000000-0xfebfffff] available for PCI devices
[    0.000000] Booting paravirtualized kernel on KVM
[    0.000000] clocksource: refined-jiffies: mask: 0xffffffff max_cycles: 0xffffffff, max_idle_ns: 7645519600211568 ns
[    0.000000] setup_percpu: NR_CPUS:512 nr_cpumask_bits:512 nr_cpu_ids:2 nr_node_ids:1
[    0.000000] PERCPU: Embedded 33 pages/cpu @ffff88003fc00000 s95192 r8192 d31784 u1048576
[    0.000000] Built 1 zonelists in Node order, mobility grouping on.  Total pages: 257912
[    0.000000] Policy zone: DMA32
[    0.000000] Kernel command line: BOOT_IMAGE=/boot/vmlinuz-4.4.0-210-generic root=LABEL=cloudimg-rootfs ro console=tty1 console=ttyS0
[    0.000000] PID hash table entries: 4096 (order: 3, 32768 bytes)
[    0.000000] Memory: 997792K/1048120K available (8644K kernel code, 1332K rwdata, 4044K rodata, 1492K init, 1164K bss, 50328K reserved, 0K cma-reserved)
[    0.000000] SLUB: HWalign=64, Order=0-3, MinObjects=0, CPUs=2, Nodes=1
[    0.000000] Hierarchical RCU implementation.
[    0.000000] 	Build-time adjustment of leaf fanout to 64.
[    0.000000] 	RCU restricting CPUs from NR_CPUS=512 to nr_cpu_ids=2.
[    0.000000] RCU: Adjusting geometry for rcu_fanout_leaf=64, nr_cpu_ids=2
[    0.000000] NR_IRQS:33024 nr_irqs:440 16
[    0.000000] Console: colour VGA+ 80x25
[    0.000000] console [tty1] enabled
[    0.000000] console [ttyS0] enabled
[    0.000000] tsc: Detected 2304.006 MHz processor
[    0.504584] Calibrating delay loop (skipped) preset value.. 4608.01 BogoMIPS (lpj=9216024)
[    0.510566] pid_max: default: 32768 minimum: 301
[    0.513946] ACPI: Core revision 20150930
[    0.520434] ACPI: 2 ACPI AML tables successfully acquired and loaded
[    0.526411] Security Framework initialized
[    0.531019] Yama: becoming mindful.
[    0.533657] AppArmor: AppArmor initialized
[    0.537145] Dentry cache hash table entries: 131072 (order: 8, 1048576 bytes)
[    0.546081] Inode-cache hash table entries: 65536 (order: 7, 524288 bytes)
[    0.555246] Mount-cache hash table entries: 2048 (order: 2, 16384 bytes)
[    0.561402] Mountpoint-cache hash table entries: 2048 (order: 2, 16384 bytes)
[    0.571263] Initializing cgroup subsys io
[    0.574538] Initializing cgroup subsys memory
[    0.578053] Initializing cgroup subsys devices
[    0.581367] Initializing cgroup subsys freezer
[    0.586143] Initializing cgroup subsys net_cls
[    0.590855] Initializing cgroup subsys perf_event
[    0.594409] Initializing cgroup subsys net_prio
[    0.598090] Initializing cgroup subsys hugetlb
[    0.601504] Initializing cgroup subsys pids
[    0.616830] mce: CPU supports 0 MCE banks
[    0.620582] Last level iTLB entries: 4KB 64, 2MB 8, 4MB 8
[    0.624614] Last level dTLB entries: 4KB 64, 2MB 0, 4MB 0, 1GB 4
[    0.628902] Spectre V1 : Mitigation: usercopy/swapgs barriers and __user pointer sanitization
[    0.634955] Spectre V2 : Mitigation: Enhanced IBRS
[    0.639191] Spectre V2 : Spectre v2 / SpectreRSB mitigation: Filling RSB on context switch
[    0.647852] Speculative Store Bypass: Vulnerable
[    0.651240] SRBDS: Mitigation: TSX disabled
[    0.684678] Freeing SMP alternatives memory: 36K
[    0.753972] ftrace: allocating 32380 entries in 127 pages
[    1.191908] smpboot: APIC(0) Converting physical 0 to logical package 0
[    1.199067] smpboot: Max logical packages: 1
[    1.218056] ..TIMER: vector=0x30 apic1=0 pin1=2 apic2=-1 pin2=-1
[    1.331772] smpboot: CPU0: Intel(R) Core(TM) i7-10510U CPU @ 1.80GHz (family: 0x6, model: 0x8e, stepping: 0xc)
[    1.341629] Performance Events: unsupported p6 CPU model 142 no PMU driver, software events only.
[    1.434519] KVM setup paravirtual spinlock
[    1.440190] x86: Booting SMP configuration:
[    1.443798] .... node  #0, CPUs:      #1
[    1.448157] kvm-clock: cpu 1, msr 0:3ffe3041, secondary cpu clock
[    1.463148] mce: CPU supports 0 MCE banks
[    1.467351] TSC synchronization [CPU#0 -> CPU#1]:
[    1.470952] Measured 61962 cycles TSC warp between CPUs, turning off TSC clock.
[    1.475855] tsc: Marking TSC unstable due to check_tsc_sync_source failed
[    0.481593] x86: Booted up 1 node, 2 CPUs
[    0.484002] smpboot: Total of 2 processors activated (9216.02 BogoMIPS)
[    0.492529] devtmpfs: initialized
[    0.497546] evm: security.selinux
[    0.499892] evm: security.SMACK64
[    0.500005] evm: security.SMACK64EXEC
[    0.504002] evm: security.SMACK64TRANSMUTE
[    0.506809] evm: security.SMACK64MMAP
[    0.508002] evm: security.ima
[    0.512001] evm: security.capability
[    0.514759] clocksource: jiffies: mask: 0xffffffff max_cycles: 0xffffffff, max_idle_ns: 7645041785100000 ns
[    0.516011] futex hash table entries: 512 (order: 3, 32768 bytes)
[    0.520318] pinctrl core: initialized pinctrl subsystem
[    0.524301] RTC time: 21:01:42, date: 02/20/23
[    0.529168] NET: Registered protocol family 16
[    0.544021] cpuidle: using governor ladder
[    0.556020] cpuidle: using governor menu
[    0.560011] PCCT header not found.
[    0.563587] ACPI: bus type PCI registered
[    0.564005] acpiphp: ACPI Hot Plug PCI Controller Driver version: 0.5
[    0.568476] PCI: Using configuration type 1 for base access
[    0.588548] ACPI: Added _OSI(Module Device)
[    0.592003] ACPI: Added _OSI(Processor Device)
[    0.596004] ACPI: Added _OSI(3.0 _SCP Extensions)
[    0.604007] ACPI: Added _OSI(Processor Aggregator Device)
[    0.610176] ACPI: Executed 1 blocks of module-level executable AML code
[    0.621818] ACPI: Interpreter enabled
[    0.624019] ACPI: (supports S0 S5)
[    0.628006] ACPI: Using IOAPIC for interrupt routing
[    0.632338] PCI: Using host bridge windows from ACPI; if necessary, use "pci=nocrs" and report a bug
[    0.643393] ACPI: PCI Root Bridge [PCI0] (domain 0000 [bus 00-ff])
[    0.644009] acpi PNP0A03:00: _OSC: OS supports [ASPM ClockPM Segments MSI]
[    0.648599] acpi PNP0A03:00: _OSC: not requesting OS control; OS requires [ExtendedConfig ASPM ClockPM MSI]
[    0.652021] acpi PNP0A03:00: fail to add MMCONFIG information, can't access extended PCI configuration space under this bridge.
[    0.656750] PCI host bridge to bus 0000:00
[    0.660012] pci_bus 0000:00: root bus resource [io  0x0000-0x0cf7 window]
[    0.664005] pci_bus 0000:00: root bus resource [io  0x0d00-0xffff window]
[    0.668006] pci_bus 0000:00: root bus resource [mem 0x000a0000-0x000bffff window]
[    0.672005] pci_bus 0000:00: root bus resource [mem 0x40000000-0xfdffffff window]
[    0.676006] pci_bus 0000:00: root bus resource [bus 00-ff]
[    0.688004] pci 0000:00:01.1: legacy IDE quirk: reg 0x10: [io  0x01f0-0x01f7]
[    0.692004] pci 0000:00:01.1: legacy IDE quirk: reg 0x14: [io  0x03f6]
[    0.696004] pci 0000:00:01.1: legacy IDE quirk: reg 0x18: [io  0x0170-0x0177]
[    0.700005] pci 0000:00:01.1: legacy IDE quirk: reg 0x1c: [io  0x0376]
[    0.725347] pci 0000:00:07.0: quirk: [io  0x4000-0x403f] claimed by PIIX4 ACPI
[    0.728031] pci 0000:00:07.0: quirk: [io  0x4100-0x410f] claimed by PIIX4 SMB
[    0.737399] ACPI: PCI Interrupt Link [LNKA] (IRQs 5 9 10 *11)
[    0.744402] ACPI: PCI Interrupt Link [LNKB] (IRQs 5 9 *10 11)
[    0.754476] ACPI: PCI Interrupt Link [LNKC] (IRQs 5 *9 10 11)
[    0.760559] ACPI: PCI Interrupt Link [LNKD] (IRQs 5 9 10 *11)
[    0.766436] ACPI: Enabled 2 GPEs in block 00 to 07
[    0.772036] vgaarb: setting as boot device: PCI:0000:00:02.0
[    0.776000] vgaarb: device added: PCI:0000:00:02.0,decodes=io+mem,owns=io+mem,locks=none
[    0.776004] vgaarb: loaded
[    0.780004] vgaarb: bridge control possible 0000:00:02.0
[    0.784363] SCSI subsystem initialized
[    0.788201] ACPI: bus type USB registered
[    0.792045] usbcore: registered new interface driver usbfs
[    0.796032] usbcore: registered new interface driver hub
[    0.800010] usbcore: registered new device driver usb
[    0.804425] PCI: Using ACPI for IRQ routing
[    0.808654] NetLabel: Initializing
[    0.812002] NetLabel:  domain hash size = 128
[    0.816005] NetLabel:  protocols = UNLABELED CIPSOv4
[    0.820026] NetLabel:  unlabeled traffic allowed by default
[    0.824135] amd_nb: Cannot enumerate AMD northbridges
[    0.832105] clocksource: Switched to clocksource kvm-clock
[    0.840430] AppArmor: AppArmor Filesystem Enabled
[    0.840430] pnp: PnP ACPI init
[    0.840430] pnp: PnP ACPI: found 3 devices
[    0.915938] clocksource: acpi_pm: mask: 0xffffff max_cycles: 0xffffff, max_idle_ns: 2085701024 ns
[    0.916215] NET: Registered protocol family 2
[    0.926377] TCP established hash table entries: 8192 (order: 4, 65536 bytes)
[    0.931298] TCP bind hash table entries: 8192 (order: 5, 131072 bytes)
[    0.935077] TCP: Hash tables configured (established 8192 bind 8192)
[    0.935077] UDP hash table entries: 512 (order: 2, 16384 bytes)
[    0.935077] UDP-Lite hash table entries: 512 (order: 2, 16384 bytes)
[    0.935077] NET: Registered protocol family 1
[    0.935077] pci 0000:00:00.0: Limiting direct PCI/PCI transfers
[    0.935077] pci 0000:00:01.0: Activating ISA DMA hang workarounds
[    0.935077] Unpacking initramfs...
[    0.935077] Freeing initrd memory: 14888K
[    0.935077] clocksource: tsc: mask: 0xffffffffffffffff max_cycles: 0x2135fd711f6, max_idle_ns: 440795262176 ns
[    0.935077] platform rtc_cmos: registered platform RTC device (no PNP device found)
[    0.935077] Scanning for low memory corruption every 60 seconds
[    1.273834] audit: initializing netlink subsys (disabled)
[    1.277819] audit: type=2000 audit(1676926907.488:1): initialized
[    1.282389] Initialise system trusted keyring
[    1.286717] HugeTLB registered 2 MB page size, pre-allocated 0 pages
[    1.293557] zbud: loaded
[    1.296420] VFS: Disk quotas dquot_6.6.0
[    1.299127] VFS: Dquot-cache hash table entries: 512 (order 0, 4096 bytes)
[    1.304859] squashfs: version 4.0 (2009/01/31) Phillip Lougher
[    1.310214] fuse init (API version 7.23)
[    1.313862] Key type big_key registered
[    1.316765] Allocating IMA MOK and blacklist keyrings.
[    1.333810] Key type asymmetric registered
[    1.337369] Asymmetric key parser 'x509' registered
[    1.340845] Block layer SCSI generic (bsg) driver version 0.4 loaded (major 249)
[    1.346426] io scheduler noop registered
[    1.349382] io scheduler deadline registered (default)
[    1.353028] io scheduler cfq registered
[    1.356739] pci_hotplug: PCI Hot Plug PCI Core version: 0.5
[    1.360649] pciehp: PCI Express Hot Plug Controller Driver version: 0.4
[    1.364608] ACPI: AC Adapter [AC] (off-line)
[    1.364608] input: Power Button as /devices/LNXSYSTM:00/LNXPWRBN:00/input/input0
[    1.364608] ACPI: Power Button [PWRF]
[    1.364608] input: Sleep Button as /devices/LNXSYSTM:00/LNXSLPBN:00/input/input1
[    1.386085] ACPI: Sleep Button [SLPF]
[    1.391627] GHES: HEST is not enabled!
[    1.393424] ACPI: Battery Slot [BAT0] (battery present)
[    1.402445] Serial: 8250/16550 driver, 32 ports, IRQ sharing enabled
[    1.433876] 00:02: ttyS0 at I/O 0x3f8 (irq = 4, base_baud = 115200) is a 16550A
[    1.462888] Linux agpgart interface v0.103
[    1.483778] loop: module loaded
[    1.493259] scsi host0: ata_piix
[    1.498801] scsi host1: ata_piix
[    1.502523] ata1: PATA max UDMA/33 cmd 0x1f0 ctl 0x3f6 bmdma 0xd000 irq 14
[    1.502755] ata2: PATA max UDMA/33 cmd 0x170 ctl 0x376 bmdma 0xd008 irq 15
[    1.520618] libphy: Fixed MDIO Bus: probed
[    1.525339] tun: Universal TUN/TAP device driver, 1.6
[    1.530146] tun: (C) 1999-2004 Max Krasnyansky <maxk@qualcomm.com>
[    1.536509] PPP generic driver version 2.4.2
[    1.541666] ehci_hcd: USB 2.0 'Enhanced' Host Controller (EHCI) Driver
[    1.547652] ehci-pci: EHCI PCI platform driver
[    1.551837] ehci-platform: EHCI generic platform driver
[    1.555748] ohci_hcd: USB 1.1 'Open' Host Controller (OHCI) Driver
[    1.555748] ohci-pci: OHCI PCI platform driver
[    1.555748] ohci-platform: OHCI generic platform driver
[    1.555748] uhci_hcd: USB Universal Host Controller Interface driver
[    1.555748] i8042: PNP: PS/2 Controller [PNP0303:PS2K,PNP0f03:PS2M] at 0x60,0x64 irq 1,12
[    1.585133] serio: i8042 KBD port at 0x60,0x64 irq 1
[    1.587759] serio: i8042 AUX port at 0x60,0x64 irq 12
[    1.593168] mousedev: PS/2 mouse device common for all mice
[    1.601714] rtc_cmos rtc_cmos: rtc core: registered rtc_cmos as rtc0
[    1.607563] rtc_cmos rtc_cmos: alarms up to one day, 114 bytes nvram
[    1.613425] input: AT Translated Set 2 keyboard as /devices/platform/i8042/serio0/input/input2
[    1.619770] i2c /dev entries driver
[    1.624695] device-mapper: uevent: version 1.0.3
[    1.630732] device-mapper: ioctl: 4.34.0-ioctl (2015-10-28) initialised: dm-devel@redhat.com
[    1.639364] ledtrig-cpu: registered to indicate activity on CPUs
[    1.647078] NET: Registered protocol family 10
[    1.651098] NET: Registered protocol family 17
[    1.654480] Key type dns_resolver registered
[    1.659389] registered taskstats version 1
[    1.662874] Loading compiled-in X.509 certificates
[    1.667025] Loaded X.509 cert 'Build time autogenerated kernel key: cf00e047681d67edb2720680708b7d9498083038'
[    1.674250] zswap: loaded using pool lzo/zbud
[    1.726839] Key type trusted registered
[    1.736760] Key type encrypted registered
[    1.740875] AppArmor: AppArmor sha1 policy hashing enabled
[    1.744611] ima: No TPM chip found, activating TPM-bypass!
[    1.748807] ima: Allocated hash algorithm: sha1
[    1.752145] evm: HMAC attrs: 0x1
[    1.756514]   Magic number: 11:667:45
[    1.760600] rtc_cmos rtc_cmos: setting system clock to 2023-02-20 21:01:43 UTC (1676926903)
[    1.766811] BIOS EDD facility v0.16 2004-Jun-25, 0 devices found
[    1.772209] EDD information not available.
[    1.777806] Freeing unused kernel memory: 1492K
[    1.781177] Write protecting the kernel read-only data: 14336k
[    1.786987] Freeing unused kernel memory: 1584K
[    1.791295] Freeing unused kernel memory: 52K
Loading, please wait...
starting version 229
[    1.817076] random: systemd-udevd: uninitialized urandom read (16 bytes read, 9 bits of entropy available)
[    1.817647] random: udevadm: uninitialized urandom read (16 bytes read, 9 bits of entropy available)
[    1.817665] random: udevadm: uninitialized urandom read (16 bytes read, 9 bits of entropy available)
[    1.826749] random: udevadm: uninitialized urandom read (16 bytes read, 9 bits of entropy available)
[    1.826793] random: udevadm: uninitialized urandom read (16 bytes read, 9 bits of entropy available)
[    1.826956] random: udevadm: uninitialized urandom read (16 bytes read, 9 bits of entropy available)
[    1.827051] random: udevadm: uninitialized urandom read (16 bytes read, 9 bits of entropy available)
[    1.827090] random: udevadm: uninitialized urandom read (16 bytes read, 9 bits of entropy available)
[    1.827123] random: udevadm: uninitialized urandom read (16 bytes read, 9 bits of entropy available)
[    1.827155] random: udevadm: uninitialized urandom read (16 bytes read, 9 bits of entropy available)
[    1.965597] e1000: Intel(R) PRO/1000 Network Driver - version 7.3.21-k8-NAPI
[    1.973829] e1000: Copyright (c) 1999-2006 Intel Corporation.
[    1.982705] Fusion MPT base driver 3.04.20
[    1.988103] Copyright (c) 1999-2008 LSI Corporation
[    2.040839] Fusion MPT SPI Host driver 3.04.20
[    2.049492] SSE version of gcm_enc/dec engaged.
[    2.231330] input: ImExPS/2 Generic Explorer Mouse as /devices/platform/i8042/serio1/input/input4
[    2.632425] e1000 0000:00:03.0 eth0: (PCI:33MHz:32-bit) 02:be:82:6b:cc:1d
[    2.639082] e1000 0000:00:03.0 eth0: Intel(R) PRO/1000 Network Connection
[    2.649096] e1000 0000:00:03.0 enp0s3: renamed from eth0
[    2.655778] mptbase: ioc0: Initiating bringup
[    2.744674] ioc0: LSI53C1030 A0: Capabilities={Initiator}
[    2.947566] scsi host2: ioc0: LSI53C1030 A0, FwRev=00000000h, Ports=1, MaxQ=256, IRQ=20
[    3.070681] scsi 2:0:0:0: Direct-Access     VBOX     HARDDISK         1.0  PQ: 0 ANSI: 5
[    3.079086] scsi target2:0:0: Beginning Domain Validation
[    3.091947] scsi target2:0:0: Domain Validation skipping write tests
[    3.098805] scsi target2:0:0: Ending Domain Validation
[    3.105061] scsi target2:0:0: asynchronous
[    3.113309] scsi 2:0:1:0: Direct-Access     VBOX     HARDDISK         1.0  PQ: 0 ANSI: 5
[    3.121302] scsi target2:0:1: Beginning Domain Validation
[    3.134869] scsi target2:0:1: Domain Validation skipping write tests
[    3.141128] scsi target2:0:1: Ending Domain Validation
[    3.146445] scsi target2:0:1: asynchronous
[    3.178346] sd 2:0:0:0: Attached scsi generic sg0 type 0
[    3.185444] sd 2:0:1:0: Attached scsi generic sg1 type 0
[    3.185556] sd 2:0:0:0: [sda] 83886080 512-byte logical blocks: (42.9 GB/40.0 GiB)
[    3.196003] sd 2:0:1:0: [sdb] 20480 512-byte logical blocks: (10.5 MB/10.0 MiB)
[    3.220306] sd 2:0:0:0: [sda] Write Protect is off
[    3.220916] sd 2:0:1:0: [sdb] Write Protect is off
[    3.221525] sd 2:0:1:0: [sdb] Incomplete mode parameter data
[    3.221526] sd 2:0:1:0: [sdb] Assuming drive cache: write through
[    3.238699] sd 2:0:0:0: [sda] Incomplete mode parameter data
[    3.242652] sd 2:0:0:0: [sda] Assuming drive cache: write through
[    3.278538]  sda: sda1
[    3.282965] sd 2:0:1:0: [sdb] Attached SCSI disk
[    3.292678] sd 2:0:0:0: [sda] Attached SCSI disk
Begin: Loading essential drivers ... [    4.933867] md: linear personality registered for level -1
[    4.942449] md: multipath personality registered for level -4
[    4.950850] md: raid0 personality registered for level 0
[    4.968210] md: raid1 personality registered for level 1
[    5.500450] raid6: sse2x1   gen() 89604 MB/s
[    6.503478] raid6: sse2x1   xor() 127205 MB/s
[    7.502774] raid6: sse2x2   gen() 264314 MB/s
[    8.501122] raid6: sse2x2   xor() 184083 MB/s
[   10.003559] raid6: sse2x4   gen() 274638 MB/s
[   10.346580] raid6: sse2x4   xor() 22109 MB/s
[   10.358646] raid6: using algorithm sse2x4 gen() 274638 MB/s
[   10.378254] raid6: .... xor() 22109 MB/s, rmw enabled
[   10.389218] raid6: using ssse3x2 recovery algorithm
[   10.406918] xor: measuring software checksum speed
[   10.457925]    prefetch64-sse: 16442.000 MB/sec
[   10.500827]    generic_sse: 14152.000 MB/sec
[   10.505525] xor: using function: prefetch64-sse (16442.000 MB/sec)
[   10.526604] async_tx: api initialized (async)
[   10.663123] md: raid6 personality registered for level 6
[   10.671038] md: raid5 personality registered for level 5
[   10.679676] md: raid4 personality registered for level 4
[   10.719800] md: raid10 personality registered for level 10
done.
Begin: Running /scripts/init-premount ... done.
Begin: Mounting root file system ... Begin: Running /scripts/local-top ... done.
Begin: Running /scripts/local-premount ... [   10.824707] Btrfs loaded
Scanning for Btrfs filesystems
done.
Warning: fsck not present, so skipping root file system
[   10.988275] EXT4-fs (sda1): mounted filesystem with ordered data mode. Opts: (null)
done.
Begin: Running /scripts/local-bottom ... done.
Begin: Running /scripts/init-bottom ... done.
[   11.201266] systemd[1]: systemd 229 running in system mode. (+PAM +AUDIT +SELINUX +IMA +APPARMOR +SMACK +SYSVINIT +UTMP +LIBCRYPTSETUP +GCRYPT +GNUTLS +ACL +XZ -LZ4 +SECCOMP +BLKID +ELFUTILS +KMOD -IDN)
[   11.217510] systemd[1]: Detected virtualization oracle.
[   11.222834] systemd[1]: Detected architecture x86-64.

Welcome to [1mUbuntu 16.04.7 LTS[0m!

[   11.241081] systemd[1]: Set hostname to <ubuntu>.
[   11.256512] systemd[1]: Initializing machine ID from random generator.
[   11.262894] systemd[1]: Installed transient /etc/machine-id file.
[   11.472568] systemd[1]: Listening on udev Control Socket.
[[0;32m  OK  [0m] Listening on udev Control Socket.
[   11.486211] systemd[1]: Started Trigger resolvconf update for networkd DNS.
[[0;32m  OK  [0m] Started Trigger resolvconf update for networkd DNS.
[   11.498940] systemd[1]: Listening on LVM2 poll daemon socket.
[[0;32m  OK  [0m] Listening on LVM2 poll daemon socket.
[   11.513938] systemd[1]: Reached target Encrypted Volumes.
[[0;32m  OK  [0m] Reached target Encrypted Volumes.
[   11.525736] systemd[1]: Created slice System Slice.
[[0;32m  OK  [0m] Created slice System Slice.
[   11.539352] systemd[1]: Listening on LVM2 metadata daemon socket.
[[0;32m  OK  [0m] Listening on LVM2 metadata daemon socket.
[   11.555086] systemd[1]: Reached target User and Group Name Lookups.
[[0;32m  OK  [0m] Reached target User and Group Name Lookups.
[   11.567627] systemd[1]: Started Forward Password Requests to Wall Directory Watch.
[[0;32m  OK  [0m] Started Forward Password Requests to Wall Directory Watch.
[   11.585908] systemd[1]: Listening on Journal Socket.
[[0;32m  OK  [0m] Listening on Journal Socket.
[   11.608616] systemd[1]: Mounting Huge Pages File System...
         Mounting Huge Pages File System...
[   11.620912] systemd[1]: Starting Create list of required static device nodes for the current kernel...
         Starting Create list of required st... nodes for the current kernel...
[   11.640728] systemd[1]: Mounting Debug File System...
         Mounting Debug File System...
[   11.654874] systemd[1]: Mounting POSIX Message Queue File System...
         Mounting POSIX Message Queue File System...
[   11.668122] systemd[1]: Starting Nameserver information manager...
         Starting Nameserver information manager...
[   11.686648] systemd[1]: Starting Set console keymap...
         Starting Set console keymap...
[   11.702643] systemd[1]: Listening on Device-mapper event daemon FIFOs.
[[0;32m  OK  [0m] Listening on Device-mapper event daemon FIFOs.
[   11.717013] systemd[1]: Listening on fsck to fsckd communication Socket.
[[0;32m  OK  [0m] [   11.731061] random: nonblocking pool is initialized
Listening on fsck to fsckd communication Socket.
[   11.738896] systemd[1]: Reached target System Time Synchronized.
[[0;32m  OK  [0m] Reached target System Time Synchronized.
[   11.756280] systemd[1]: Created slice User and Session Slice.
[[0;32m  OK  [0m] Created slice User and Session Slice.
[   11.774927] systemd[1]: Reached target Slices.
[[0;32m  OK  [0m] Reached target Slices.
[   11.786829] systemd[1]: Listening on /dev/initctl Compatibility Named Pipe.
[[0;32m  OK  [0m] Listening on /dev/initctl Compatibility Named Pipe.
[   11.803426] systemd[1]: Listening on Journal Audit Socket.
[[0;32m  OK  [0m] Listening on Journal Audit Socket.
[   11.813342] systemd[1]: Created slice system-serial\x2dgetty.slice.
[[0;32m  OK  [0m] Created slice system-serial\x2dgetty.slice.
[   11.901616] systemd[1]: Starting Load Kernel Modules...
         Starting Load Kernel Modules...
[   11.941574] systemd[1]: Listening on Syslog Socket.
[[0;32m  OK  [0m[   11.959923] Loading iSCSI transport class v2.0-870.
] Listening on Syslog Socket.
[   11.967651] systemd[1]: Listening on udev Kernel Socket.
[[0;32m  OK  [0m] Listening on udev Kernel Socket.
[   11.983811] systemd[1]: Starting Monitoring of LVM2 mirrors, snapshots etc. using dmeventd or progress polling...
         Starting Monitoring of LVM2 mirrors... dmeventd or progress polling...
[   12.007745] iscsi: registered transport (tcp)
[   12.016718] systemd[1]: Set up automount Arbitrary Executable File Formats File System Automount Point.
[[0;32m  OK  [0m] Set up automount Arbitrary Executab...ats File System Automount Point.
[   12.060697] systemd[1]: Starting File System Check on Root Device...
         Starting File System Check on Root Device...
[   12.079754] systemd[1]: Starting Uncomplicated firewall...
         Starting Uncomplicated firewall...
[   12.094718] systemd[1]: Reached target Swap.
[[0;32m  OK  [0m] Reached target Swap.
[   12.105245] systemd[1]: Listening on Journal Socket (/dev/log).
[[0;32m  OK  [0m] Listening on Journal Socket (/dev/log).
[   12.118930] systemd[1]: Starting Journal Service...
         Starting Journal Service...
[   12.157088] systemd[1]: Mounted Huge Pages File System.
[[0;32m  OK  [0m] Mounted Huge Pages File System.
[   12.169052] systemd[1]: Mounted POSIX Message Queue File System.
[[0;32m  OK  [0m] Mounted POSIX Message Queue File System.
[   12.187484] systemd[1]: Mounted Debug File System.
[   12.193656] iscsi: registered transport (iser)
[[0;32m  OK  [0m] Mounted Debug File System.
[   12.204332] systemd[1]: Started Journal Service.
[[0;32m  OK  [0m] Started Journal Service.
[[0;32m  OK  [0m] Started Create list of required sta...ce nodes for the current kernel.
[[0;32m  OK  [0m] Started Set console keymap.
[[0;32m  OK  [0m] Started Load Kernel Modules.
[[0;32m  OK  [0m] Started File System Check on Root Device.
[[0;32m  OK  [0m] Started Uncomplicated firewall.
[[0;32m  OK  [0m] Started Nameserver information manager.
[[0;32m  OK  [0m] Started File System Check Daemon to report status.
[[0;32m  OK  [0m] Started LVM2 metadata daemon.
         Starting Remount Root and Kernel File Systems...
[   12.310010] EXT4-fs (sda1): re-mounted. Opts: (null)
         Starting Apply Kernel Variables...
         Mounting FUSE Control File System...
         Starting Create Static Device Nodes in /dev...
[[0;32m  OK  [0m] Mounted FUSE Control File System.
[[0;32m  OK  [0m] Started Remount Root and Kernel File Systems.
[[0;32m  OK  [0m] Started Apply Kernel Variables.
[[0;32m  OK  [0m] Started Create Static Device Nodes in /dev.
         Starting udev Kernel Device Manager...
         Starting udev Coldplug all Devices...
         Starting Flush Journal to Persistent Storage...
         Starting Load/Save Random Seed...
[[0;32m  OK  [0m] Started Load/Save Random Seed.
[[0;32m  OK  [0m] Started udev Kernel Device Manager.
[[0;32m  OK  [0m] Started Flush Journal to Persistent Storage.
[[0;32m  OK  [0m] Started udev Coldplug all Devices.
[[0;32m  OK  [0m] Started Monitoring of LVM2 mirrors,...ng dmeventd or progress polling.
[[0;32m  OK  [0m] Reached target Local File Systems (Pre).
[[0;32m  OK  [0m] Reached target Local File Systems.
         Starting Initial cloud-init job (pre-networking)...
         Starting Set console font and keymap...
         Starting Commit a transient machine-id on disk...
         Starting LSB: AppArmor initialization...
         Starting Create Volatile Files and Directories...
         Starting Tell Plymouth To Write Out Runtime Data...
[[0;32m  OK  [0m] Started Dispatch Password Requests to Console Directory Watch.
[[0;32m  OK  [0m] Started Commit a transient machine-id on disk.
[[0;32m  OK  [0m] Started Create Volatile Files and Directories.
[[0;32m  OK  [0m] Started Tell Plymouth To Write Out Runtime Data.
[[0;32m  OK  [0m] Found device /dev/ttyS0.
[[0;32m  OK  [0m] Listening on Load/Save RF Kill Switch Status /dev/rfkill Watch.
         Starting Update UTMP about System Boot/Shutdown...
[[0;32m  OK  [0m] Started Update UTMP about System Boot/Shutdown.
[[0;32m  OK  [0m] Started LSB: AppArmor initialization.
         Starting Load AppArmor profiles managed internally by snapd...
[[0;32m  OK  [0m] Started Load AppArmor profiles managed internally by snapd.
[   14.865139] cloud-init[491]: Cloud-init v. 21.1-19-gbad84ad4-0ubuntu1~16.04.2 running 'init-local' at Mon, 20 Feb 2023 21:01:56 +0000. Up 14.45 seconds.
[[0;32m  OK  [0m] Started Initial cloud-init job (pre-networking).
[[0;32m  OK  [0m] Reached target Network (Pre).
         Starting Raise network interfaces...
[[0;32m  OK  [0m] Started Set console font and keymap.
[[0;32m  OK  [0m] Created slice system-getty.slice.
[[0;32m  OK  [0m] Started Raise network interfaces.
[[0;32m  OK  [0m] Reached target Network.
         Starting Initial cloud-init job (metadata service crawler)...
[   17.698360] cloud-init[949]: Cloud-init v. 21.1-19-gbad84ad4-0ubuntu1~16.04.2 running 'init' at Mon, 20 Feb 2023 21:01:58 +0000. Up 16.89 seconds.
[   17.705676] cloud-init[949]: ci-info: ++++++++++++++++++++++++++++++++++++++Net device info++++++++++++++++++++++++++++++++++++++
[   17.711586] cloud-init[949]: ci-info: +--------+------+----------------------------+---------------+--------+-------------------+
[   17.717628] cloud-init[949]: ci-info: | Device |  Up  |          Address           |      Mask     | Scope  |     Hw-Address    |
[   17.723836] cloud-init[949]: ci-info: +--------+------+----------------------------+---------------+--------+-------------------+
[   17.731091] cloud-init[949]: ci-info: | enp0s3 | True |         10.0.2.15          | 255.255.255.0 | global | 02:be:82:6b:cc:1d |
[   17.738564] cloud-init[949]: ci-info: | enp0s3 | True | fe80::be:82ff:fe6b:cc1d/64 |       .       |  link  | 02:be:82:6b:cc:1d |
[   17.745050] cloud-init[949]: ci-info: |   lo   | True |         127.0.0.1          |   255.0.0.0   |  host  |         .         |
[   17.751704] cloud-init[949]: ci-info: |   lo   | True |          ::1/128           |       .       |  host  |         .         |
[   17.757601] cloud-init[949]: ci-info: +--------+------+----------------------------+---------------+--------+-------------------+
[   17.763873] cloud-init[949]: ci-info: +++++++++++++++++++++++++++Route IPv4 info++++++++++++++++++++++++++++
[   17.769673] cloud-init[949]: ci-info: +-------+-------------+----------+---------------+-----------+-------+
[   17.774933] cloud-init[949]: ci-info: | Route | Destination | Gateway  |    Genmask    | Interface | Flags |
[   17.781685] cloud-init[949]: ci-info: +-------+-------------+----------+---------------+-----------+-------+
[   17.789044] cloud-init[949]: ci-info: |   0   |   0.0.0.0   | 10.0.2.2 |    0.0.0.0    |   enp0s3  |   UG  |
[   17.795039] cloud-init[949]: ci-info: |   1   |   10.0.2.0  | 0.0.0.0  | 255.255.255.0 |   enp0s3  |   U   |
[   17.800314] cloud-init[949]: ci-info: +-------+-------------+----------+---------------+-----------+-------+
[   17.805733] cloud-init[949]: ci-info: +++++++++++++++++++Route IPv6 info+++++++++++++++++++
[   17.811076] cloud-init[949]: ci-info: +-------+-------------+---------+-----------+-------+
[   17.815589] cloud-init[949]: ci-info: | Route | Destination | Gateway | Interface | Flags |
[   17.820167] cloud-init[949]: ci-info: +-------+-------------+---------+-----------+-------+
[   17.826585] cloud-init[949]: ci-info: |   0   |  fe80::/64  |    ::   |   enp0s3  |   U   |
[   17.832005] cloud-init[949]: ci-info: |   3   |   ff00::/8  |    ::   |   enp0s3  |   U   |
[   17.837859] cloud-init[949]: ci-info: +-------+-------------+---------+-----------+-------+
[   17.844292] cloud-init[949]: Generating public/private rsa key pair.
[   17.853496] cloud-init[949]: Your identification has been saved in /etc/ssh/ssh_host_rsa_key.
[   17.861897] cloud-init[949]: Your public key has been saved in /etc/ssh/ssh_host_rsa_key.pub.
[   17.868587] cloud-init[949]: The key fingerprint is:
[   17.873902] cloud-init[949]: SHA256:kimveALFbNJVeQP3xV26RJYM3QWafx5hWOkurZdstjQ root@ubuntu-xenial
[   17.882154] cloud-init[949]: The key's randomart image is:
[   17.888261] cloud-init[949]: +---[RSA 2048]----+
[   17.893184] cloud-init[949]: |     .oo.  .o=+*=|
[   17.897764] cloud-init[949]: |    . ..o. ..=Bo.|
[[0;32m  OK  [0m] Started Initial cloud-init job (metadata service crawler).
[[0;32m  OK  [0m] Reached target Cloud-config availability.
[[0;32m  OK  [0m] Reached target System Initialization.
[[0;32m  OK  [0m] Listening on ACPID Listen Socket.
[[0;32m  OK  [0m] Started Daily Cleanup of Temporary Directories.
[   17.902088] cloud-init[949]: | + .   . .. o.+o |
[[0;32m  OK  [0m] Started ACPI Events Check.
[[0;32m  OK  [0m] Reached target Paths.
[[0;32m  OK  [0m] Started Ubuntu Advantage update messaging.
[[0;32m  OK  [0m] Started Daily apt download activities.
         Starting Socket activation for snappy daemon.
[[0;32m  OK  [0m] Listening on UUID daemon activation socket.
[[0;32m  OK  [0m] Listening on D-Bus System Message Bus Socket.
[[0;32m  OK  [0m] Started Daily apt upgrade and clean activities.
[   17.919797] cloud-init[949]: |. *    o     o.o.|
[   17.938809] cloud-init[949]: | +  . + S     =..|
         Starting LXD - unix socket.
[   17.950434] [[0;32m  OK  [0m] Started Message of the Day.
[[0;32m  OK  [0m] Reached target Timers.
[[0;32m  OK  [0m] Reached target Network is Online.
cloud-init[949]: |.    o .     . =.|
[   17.963702] cloud-init[949]: | .    .       +Eo|
[   17.972865] cloud-init[949]: |  ....       ..*.|
         Starting iSCSI initiator daemon (iscsid)...
[[0;32m  OK  [0m] Listening on Socket activation for snappy daemon.
[[0;32m  OK  [0m] Listening on LXD - unix socket.
[[0;32m  OK  [0m] Reached target Sockets.
[[0;32m  OK  [0m] Reached target Basic System.
[[0;32m  OK  [0m] Started Deferred execution scheduler.
         Starting LSB: MD monitoring daemon...
         Starting Login Service...
         Starting Virtualbox guest utils...
[[0;32m  OK  [0m] Started FUSE filesystem for LXC.
[[0;32m  OK  [0m] Started Regular background program processing daemon.
         Starting System Logging Service...
         Starting LXD - container startup/shutdown...
         Starting Accounts Service...
         Starting /etc/rc.local Compatibility...
         Starting LSB: Record successful boot for GRUB...
[[0;32m  OK  [0m] Started ACPI event daemon.
         Starting Pollinate to seed the pseudo random number generator...
[[0;32m  OK  [0m] Started D-Bus System Message Bus.
[   18.093147] cloud-init[949]: |  .o.         +..|
[   18.132059] cloud-init[949]: +----[SHA256]-----+
[   18.171430] cloud-init[949]: Generating public/private dsa key pair.
[   18.220984] cloud-init[949]: Your identification has been saved in /etc/ssh/ssh_host_dsa_key.
[   18.241901] cloud-init[949]: Your public key has been saved in /etc/ssh/ssh_host_dsa_key.pub.
[   18.253252] cloud-init[949]: The key fingerprint is:
         Starting Snap Daemon...
[[0;32m  OK  [0m] Started System Logging Service.
[   18.266469] cloud-init[949]: SHA256:iNnrWvDeAIyZ9rB4PosasyymdSfpewv39WDsaHV2yQU root@ubuntu-xenial
[   18.313041] [[0;32m  OK  [0m] Started /etc/rc.local Compatibility.
cloud-init[949]: The key's randomart image is:
[   18.356697] cloud-init[949]: +---[DSA 1024]----+
[   18.358402] cloud-init[949]: |                 |
[   18.358460] cloud-init[949]: |              E  |
[   18.359202] cloud-init[949]: |               . |
[   18.359593] cloud-init[949]: |   = + .        .|
[[0;32m  OK  [0m[   18.368769] cloud-init[949]: |  * * o S    . o |
[   18.369949] cloud-init[949]: | o + = . .. o +  |
[   18.372648] cloud-init[949]: |+ + * B  .=o .   |
] Started LXD - container startup/shutdown.
[   18.380735] cloud-init[949]: |oX.o O.+.= o     |
[   18.389608] cloud-init[949]: |X.oo+++o+ . .    |
[   18.391373] cloud-init[949]: +----[SHA256]-----+
[   18.391821] [[0;32m  OK  [0m] Started iSCSI initiator daemon (iscsid).
cloud-init[949]: Generating public/private ecdsa key pair.
[   18.411352] cloud-init[949]: Your identification has been saved in /etc/ssh/ssh_host_ecdsa_key.
[   18.421215] cloud-init[949]: Your public key has been saved in /etc/ssh/ssh_host_ecdsa_key.pub.
[   18.429823] cloud-init[949]: The key fingerprint is:
[   18.452157] cloud-init[949]: SHA256:EJ4oh66T8XvA962PPJWdUSs7OVJIzs3QqlcBLnuRvTw root@ubuntu-xenial
[   18.462026] cloud-init[949]: The key's randomart image is:
[[0;32m  OK  [0m] Started Login Service.
[[0;32m  OK  [0m] Started Unattended Upgrades Shutdown.
         Starting Authenticate and Authorize Users to Run Privileged Tasks...
[   18.471561]          Starting Login to default iSCSI targets...
cloud-init[[0;32m  OK  [0m] Started LSB: Record successful boot for GRUB.
[949]: [[0;32m  OK  [0m] Started LSB: MD monitoring daemon.
+---[ECDSA 256]---+
[[0;32m  OK  [0m] Started Authenticate and Authorize Users to Run Privileged Tasks.
[[0;32m  OK  [0m] Started Accounts Service.
[   18.611848] cloud-init[949]: |      . .o       |
[[0;32m  OK  [0m] Started Login to default iSCSI targets.
[[0;32m  OK  [0m] Reached target Remote File Systems (Pre).
[[0;32m  OK  [0m] Reached target Remote File Systems.
         Starting Permit User Sessions...
         Starting LSB: daemon to balance interrupts for SMP systems...
[   18.642429] cloud-init         Starting LSB: automatic crash report generation...
         Starting LSB: Set the CPU Frequency Scaling governor to "ondemand"...
[949]: [[0;32m  OK  [0m] Started Permit User Sessions.
|   . o +ooo .    |         Starting Terminate Plymouth Boot Screen...
         Starting Hold until boot process finishes up...
[[0;32m  OK  [0m] Started Hold until boot process finishes up.
[[0;32m  OK  [0m] Started Getty on tty1.
[[0;32m  OK  [0m] Started Serial Getty on ttyS0.
[[0;32m  OK  [0m] Reached target Login Prompts.
         Starting Set console scheme...

[[0;32m  OK  [0m] Started Terminate Plymouth Boot Screen.
[[0;32m  OK  [0m] Started Set console scheme.
[   18.766036] cloud-init[949]: |  o o =++*.o .   |
[   18.822616] cloud-init[[0;32m  OK  [0m] Started LSB: Set the CPU Frequency Scaling governor to "ondemand".
[949]: | . o   +=oB..    |
[   18.863506] cloud-init[[0;32m  OK  [0m] Started LSB: daemon to balance interrupts for SMP systems.
[949]: |...   ..S=E*     |
[   18.911742] [[0;32m  OK  [0m] Started LSB: automatic crash report generation.
cloud-init[949]: | =o . ..= B.     |
[   18.930972] cloud-init[949]: |+ .o . + . o     |
[   18.960604] cloud-init[949]: | . ...o..        |
[   18.982868] cloud-init[949]: |  ..  ++.        |
[   18.991888] cloud-init[949]: +----[SHA256]-----+
[[0;32m  OK  [0m] Started Virtualbox guest utils.
[   19.012940] cloud-init[949]: Generating public/private ed25519 key pair.
[   19.032344] cloud-init[949]: Your identification has been saved in /etc/ssh/ssh_host_ed25519_key.
[   19.047210] cloud-init[949]: Your public key has been saved in /etc/ssh/ssh_host_ed25519_key.pub.
[   19.065502] cloud-init[949]: The key fingerprint is:
[   19.081824] cloud-init[949]: SHA256:AleIExl3lmVxDHWMLNhm67fP+Pm2efdD+vhsHV+j8k8 root@ubuntu-xenial
[   19.098462] cloud-init[949]: [[0;32m  OK  [0m] Started Pollinate to seed the pseudo random number generator.
The key's randomart image is:
[   19.118859] cloud-init         Starting OpenBSD Secure Shell server...
[949]: +--[ED25519 256]--+
[   19.140856] cloud-init[949]: |    o=..+==*oo.  |
[   19.149564] cloud-init[949]: |    +..+o.=.+..  |
[   19.163591] cloud-init[949]: |    ...  o o     |
[   19.178328] cloud-init[949]: |     o    .      |
[   19.191668] cloud-init[949]: |      . S.       |
[   19.205449] cloud-init[949]: |       .  . .  +.|
[   19.215414] [[0;32m  OK  [0m] Started OpenBSD Secure Shell server.
cloud-init[949]: |           . .+E*|
[   19.235662] cloud-init[949]: |           ..=++B|
[   19.254374] cloud-init[949]: |            +=XXO|
[   19.262268] cloud-init[949]: +----[SHA256]-----+
[[0;32m  OK  [0m] Started Snap Daemon.
         Starting Wait until snapd is fully seeded...
[[0;32m  OK  [0m] Created slice User Slice of vagrant.
         Starting User Manager for UID 1000...
[[0;32m  OK  [0m] Started Session 1 of user vagrant.
[[0;32m  OK  [0m] Started User Manager for UID 1000.
[[0;32m  OK  [0m] Started Wait until snapd is fully seeded.
[[0;32m  OK  [0m] Reached target Multi-User System.
[[0;32m  OK  [0m] Reached target Graphical Interface.
         Starting Update UTMP about System Runlevel Changes...
         Starting Apply the settings specified in cloud-config...
[[0;32m  OK  [0m] Started Update UTMP about System Runlevel Changes.
[   21.589152] cloud-init[1426]: Generating locales (this might take a while)...
[   22.741351] cloud-init[1426]:   en_US.UTF-8... done
[   22.751450] cloud-init[1426]: Generation complete.
[   23.134114] cloud-init[1426]: Cloud-init v. 21.1-19-gbad84ad4-0ubuntu1~16.04.2 running 'modules:config' at Mon, 20 Feb 2023 21:02:03 +0000. Up 21.43 seconds.
[[0;32m  OK  [0m] Started Apply the settings specified in cloud-config.
         Starting Execute cloud user/final scripts...
ci-info: no authorized SSH keys fingerprints found for user ubuntu.
<14>Feb 20 21:02:05 ec2: 
<14>Feb 20 21:02:05 ec2: #############################################################
<14>Feb 20 21:02:05 ec2: -----BEGIN SSH HOST KEY FINGERPRINTS-----
<14>Feb 20 21:02:05 ec2: 1024 SHA256:iNnrWvDeAIyZ9rB4PosasyymdSfpewv39WDsaHV2yQU root@ubuntu-xenial (DSA)
<14>Feb 20 21:02:05 ec2: 256 SHA256:EJ4oh66T8XvA962PPJWdUSs7OVJIzs3QqlcBLnuRvTw root@ubuntu-xenial (ECDSA)
<14>Feb 20 21:02:05 ec2: 256 SHA256:AleIExl3lmVxDHWMLNhm67fP+Pm2efdD+vhsHV+j8k8 root@ubuntu-xenial (ED25519)
<14>Feb 20 21:02:05 ec2: 2048 SHA256:kimveALFbNJVeQP3xV26RJYM3QWafx5hWOkurZdstjQ root@ubuntu-xenial (RSA)
<14>Feb 20 21:02:05 ec2: -----END SSH HOST KEY FINGERPRINTS-----
<14>Feb 20 21:02:05 ec2: #############################################################
-----BEGIN SSH HOST KEY KEYS-----
ecdsa-sha2-nistp256 AAAAE2VjZHNhLXNoYTItbmlzdHAyNTYAAAAIbmlzdHAyNTYAAABBBD9/GgSIRFX2A3DJIgc5+YJPRGFMd6FvY/Q5k1JDsUArSkh5Ij5FaMs5KAESKozZ5aCKujEIY0/0c0X5ch+dUHI= root@ubuntu-xenial
ssh-ed25519 AAAAC3NzaC1lZDI1NTE5AAAAIB8sebvjZ2FcOedVwZv+vm79xFP2toCkQTt9bagriBGG root@ubuntu-xenial
ssh-rsa AAAAB3NzaC1yc2EAAAADAQABAAABAQDRjhiHq+GWzc+TzGLDKB1e6A8Od3Zy7zQ8159sQnLfoNRLCGmwVtI9Rfc2HO+rfBNxqv8UFrT2sfMNXyBjc50J50EPOUZXRmrxurrR2OdFmniUCxKExA+1rqFjURh/GNvJaC6dQlGrlyrquLILWIpOO9mr7ai7Qku3l5sEkbyYbvOZmYvqDSEFKUxOR2bmZa9fAaMAQzThYm+S/eELCF4u7nJbmmbe4sQoWw2bxOw+Rg6d3YWIytxJeOzst3Ot1t73eizRZphUPONWsMOOCBqg99HD4+KUF0KjzyI2/LREOrlzeQI4AiAdnNrzFphALntE0xfMvkaDwWaGL9FEbeYv root@ubuntu-xenial
-----END SSH HOST KEY KEYS-----
[   23.685521] cloud-init[1566]: Cloud-init v. 21.1-19-gbad84ad4-0ubuntu1~16.04.2 running 'modules:final' at Mon, 20 Feb 2023 21:02:05 +0000. Up 23.44 seconds.
[   23.694514] cloud-init[1566]: ci-info: no authorized SSH keys fingerprints found for user ubuntu.
[   23.702137] cloud-init[1566]: Cloud-init v. 21.1-19-gbad84ad4-0ubuntu1~16.04.2 finished at Mon, 20 Feb 2023 21:02:05 +0000. Datasource DataSourceNoCloud [seed=/dev/sdb][dsmode=net].  Up 23.67 seconds
[[0;32m  OK  [0m] Started Execute cloud user/final scripts.
[[0;32m  OK  [0m] Reached target Cloud-init target.

Ubuntu 16.04.7 LTS ubuntu-xenial ttyS0

ubuntu-xenial login: [[0;32m  OK  [0m] Stopped Unattended Upgrades Shutdown.
         Stopping Session 3 of user vagrant.
         Stopping Authenticate and Authorize Users to Run Privileged Tasks...
[[0;32m  OK  [0m] Stopped target Graphical Interface.
[[0;32m  OK  [0m] Stopped target Timers.
[[0;32m  OK  [0m] Stopped Ubuntu Advantage update messaging.
[[0;32m  OK  [0m] Stopped Daily apt upgrade and clean activities.
[[0;32m  OK  [0m] Stopped Daily apt download activities.
[[0;32m  OK  [0m] Closed Load/Save RF Kill Switch Status /dev/rfkill Watch.
         Stopping Accounts Service...
         Stopping User Manager for UID 1000...
[[0;32m  OK  [0m] Stopped target Cloud-init target.
[[0;32m  OK  [0m] Stopped Message of the Day.
[[0;32m  OK  [0m] Stopped target System Time Synchronized.
[[0;32m  OK  [0m] Stopped Daily Cleanup of Temporary Directories.
[[0;32m  OK  [0m] Stopped Execute cloud user/final scripts.
[[0;32m  OK  [0m] Stopped Apply the settings specified in cloud-config.
[[0;32m  OK  [0m] Stopped target Cloud-config availability.
[[0;32m  OK  [0m] Stopped target Multi-User System.
         Stopping LSB: daemon to balance interrupts for SMP systems...
         Stopping LXD - container startup/shutdown...
         Stopping LSB: Set the CPU Frequency Scaling governor to "ondemand"...
         Stopping Regular background program processing daemon...
         Stopping OpenBSD Secure Shell server...
         Stopping System Logging Service...
         Stopping Deferred execution scheduler...
         Stopping LSB: MD monitoring daemon...
         Stopping LSB: automatic crash report generation...
         Stopping LSB: Record successful boot for GRUB...
[[0;32m  OK  [0m] Stopped target Login Prompts.
         Stopping Serial Getty on ttyS0...
         Stopping Getty on tty1...
[[0;32m  OK  [0m] Stopped Wait until snapd is fully seeded.
         Stopping FUSE filesystem for LXC...
         Stopping D-Bus System Message Bus...
         Stopping Virtualbox guest utils...
         Stopping ACPI event daemon...
[[0;32m  OK  [0m] Unmounted /var/lib/lxcfs.
[[0;32m  OK  [0m] Stopped Deferred execution scheduler.
[[0;32m  OK  [0m] Stopped Regular background program processing daemon.
[[0;32m  OK  [0m] Stopped System Logging Service.
[[0;32m  OK  [0m] Stopped Accounts Service.
[[0;32m  OK  [0m] Stopped Authenticate and Authorize Users to Run Privileged Tasks.
[[0;32m  OK  [0m] Stopped Getty on tty1.
[[0;32m  OK  [0m] Stopped ACPI event daemon.
[[0;32m  OK  [0m] Stopped Serial Getty on ttyS0.
[[0;32m  OK  [0m] Stopped OpenBSD Secure Shell server.
[[0;32m  OK  [0m] Stopped User Manager for UID 1000.
[[0;32m  OK  [0m] Stopped Session 3 of user vagrant.
[[0;32m  OK  [0m] Stopped D-Bus System Message Bus.
[[0;32m  OK  [0m] Stopped FUSE filesystem for LXC.
[[0;32m  OK  [0m] Stopped LSB: Set the CPU Frequency Scaling governor to "ondemand".
[[0;32m  OK  [0m] Stopped LSB: daemon to balance interrupts for SMP systems.
[[0;32m  OK  [0m] Stopped LSB: MD monitoring daemon.
[[0;32m  OK  [0m] Stopped LSB: automatic crash report generation.
[[0;32m  OK  [0m] Stopped LXD - container startup/shutdown.
[[0;32m  OK  [0m] Stopped LSB: Record successful boot for GRUB.
[[0;32m  OK  [0m] Stopped Virtualbox guest utils.
[[0;32m  OK  [0m] Removed slice User Slice of vagrant.
         Stopping Login Service...
[[0;32m  OK  [0m] Removed slice system-serial\x2dgetty.slice.
[[0;32m  OK  [0m] Removed slice system-getty.slice.
         Stopping Permit User Sessions...
[[0;32m  OK  [0m] Stopped /etc/rc.local Compatibility.
[[0;32m  OK  [0m] Stopped Permit User Sessions.
[[0;32m  OK  [0m] Stopped target Remote File Systems.
[[0;32m  OK  [0m] Stopped Login Service.
[[0;32m  OK  [0m] Stopped target User and Group Name Lookups.
[[0;32m  OK  [0m] Stopped target Basic System.
[[0;32m  OK  [0m] Stopped target Slices.
[[0;32m  OK  [0m] Stopped target Paths.
[[0;32m  OK  [0m] Stopped Dispatch Password Requests to Console Directory Watch.
[[0;32m  OK  [0m] Stopped Forward Password Requests to Wall Directory Watch.
[[0;32m  OK  [0m] Stopped ACPI Events Check.
[[0;32m  OK  [0m] Stopped target Sockets.
[[0;32m  OK  [0m] Closed Socket activation for snappy daemon.
[[0;32m  OK  [0m] Closed ACPID Listen Socket.
[[0;32m  OK  [0m] Closed LXD - unix socket.
[[0;32m  OK  [0m] Closed UUID daemon activation socket.
[[0;32m  OK  [0m] Closed Syslog Socket.
[[0;32m  OK  [0m] Removed slice User and Session Slice.
[[0;32m  OK  [0m] Closed D-Bus System Message Bus Socket.
[[0;32m  OK  [0m] Stopped target System Initialization.
[[0;32m  OK  [0m] Stopped Create Volatile Files and Directories.
[[0;32m  OK  [0m] Stopped Commit a transient machine-id on disk.
[[0;32m  OK  [0m] Stopped target Encrypted Volumes.
         Stopping Load/Save Random Seed...
[[0;32m  OK  [0m] Stopped target Local File Systems.
         Unmounting /run/user/1000...
         Unmounting /vagrant...
[[0;32m  OK  [0m] Stopped Apply Kernel Variables.
[[0;32m  OK  [0m] Stopped Load Kernel Modules.
[[0;32m  OK  [0m] Stopped target Swap.
[[0;32m  OK  [0m] Stopped Load/Save Random Seed.
[[0;32m  OK  [0m] Unmounted /run/user/1000.
[[0;32m  OK  [0m] Unmounted /vagrant.
[[0;32m  OK  [0m] Stopped target Remote File Systems (Pre).
         Stopping Login to default iSCSI targets...
[[0;32m  OK  [0m] Reached target Unmount All Filesystems.
[[0;32m  OK  [0m] Stopped target Local File Systems (Pre).
[[0;32m  OK  [0m] Stopped Create Static Device Nodes in /dev.
         Stopping Monitoring of LVM2 mirrors... dmeventd or progress polling...
[[0;32m  OK  [0m] Stopped Monitoring of LVM2 mirrors,...ng dmeventd or progress polling.
         Stopping LVM2 metadata daemon...
[[0;32m  OK  [0m] Stopped LVM2 metadata daemon.
[[0;32m  OK  [0m] Stopped Login to default iSCSI targets.
         Stopping iSCSI initiator daemon (iscsid)...
[[0;32m  OK  [0m] Stopped iSCSI initiator daemon (iscsid).
[[0;32m  OK  [0m] Stopped target Network is Online.
[[0;32m  OK  [0m] Stopped target Network.
[[0;32m  OK  [0m] Stopped target Network (Pre).
[[0;32m  OK  [0m] Stopped Initial cloud-init job (metadata service crawler).
[[0;32m  OK  [0m] Stopped Initial cloud-init job (pre-networking).
[[0;32m  OK  [0m] Stopped Remount Root and Kernel File Systems.
[[0;32m  OK  [0m] Reached target Shutdown.
[  122.830139] reboot: Power down
